04-14 09:08:31.248  1270  1300 I ActivityManager: Start proc 5426:com.poi.fintrack/u0a56 for pre-top-activity {com.poi.fintrack/com.yourname.fintrack.MainActivity}
04-14 09:08:31.299  1270  1290 D RecentTaskMonitor: VAddressShellNotifier#notifyOpenTab :{"uri":"player\/tab","need_response":false,"params":{"id":"task:46","displayId":0,"userId":0,"name":"fintrack","originName":"fintrack","packageName":"com.poi.fintrack","launcher":false,"newTask":true,"icon":"iVBORw0KGgoAAAANSUhEUgAAABgAAAAYCAYAAADgdz34AAAAAXNSR0IArs4c6QAAAARzQklUCAgICHwIZIgAAAOOSURBVEiJjZXLi1xFFMZ\/p6ru7e57Z7pHW2ZCRk1QxFXciKCC6EYU3fpAQqKoC0EQ\/CPcCa7cqWCWunMR\/Rtc+toJk2TymMRMv99VdVzcnk53T3eTD+7iVp0633cedUr2Lu6\/aG1yReAZ5qCqqCoigkstNrGINQgQgxImAT\/2aCxsxAhL5+\/GGD6Ss5fOHYjIufnN6CPGGfJ6RlbLUFViiAsOxArGGAatAb3jPmEcECuIyDzJkQOenC1ERVHyekalWkGMEHxgFTQoIQRKeYk0Sxm0h\/SOe6DMohHYdTKl1KggUN2tUspTNCp5muOsXXDsQ6A76i6kEiDbqZCWE1q3W0XajICIuJkhSm2vSlJOCjLg6pe\/UMtqCwTX7l\/n3W\/fZ+THixFFxaaW2tkajZvNIhIRzEnO80cy0ixdnY5pwQFCDOhKqwIudWzV85lIp6oYZ6hUK7PFZXz43cc0+0189Nxs3NrgvhBT3i4zaA+Jk1gQbNVzxMhM5TJ+\/PQHAAbjAS999cpGAgAEtuo57TsdnIhQrpbXqge4+sevjPyY7rAzW6uWq7z53Bv89PvPK8KA0lYJMV2cTS3IaZt5fP3bNxz3jgFIXcqZ6h5vP\/8WWKGW1Wj1W6c5ouJKDuMSi4ZNZXvAn9iE9154h\/9697l+fIO8lJG4ZOWZk64yYs1m+YAxhssvX+Lp3afI6hkXX\/\/ggeMN2ow1uE3Z+ezK5+xV97hw\/gIHkwN69NGpx9m5DQ5EwCzPmHlY48hLGX\/f\/oft7W2ySrZBzmlEH3HBh6JF57rotWdf5W7nHuUzFf6dHOCcXe9lTYrECH4ScH4UiljmLP8c\/MV4Mubx8RNYZ6f7a7BmS4zgRx6DwrA1WBiz1lmMWSr+umKuWhcY9cao12IW9Rr907d4Wdma\/3XB9e73QED2L5\/X6CP5YznZTjGPkkqKhkialjDGMB6M2KnWaHc71LcfRcQwGPapZjWu3b1G1AeNIiIMu0M6R53iBdy\/fF4BYojsnK3hSm61pIdE8IHGYbN4Rk\/G9Qlz+04bP\/YL9XhYiAjBR1q32sj0H5gjMIIqNG+1GLQH08WH8Vx8w+6Q5mETjRGZaxCj6M15EmMM3Xs9jm80GPfH2GRFR01tbWKZDD2Nwyado05R1Hlb1YZTjZ8g5ntB9meszqBB6Rx16d7r4UquGFzWIFLcUD8J+JFHffGWizVLqdVmjPrF\/xvBlgmmez\/pAAAAAElFTkSuQmCC","canChangeAppOrientation":false,"canReceiveFile":false,"pid":5426,"uid":10056,"action":"open"}}
04-14 09:08:31.363  1270  1290 W ActivityTaskManager: Activity top resumed state loss timeout for ActivityRecord{4a373d8 u0 com.poi.fintrack/com.yourname.fintrack.MainActivity t-1 f}}
04-14 09:08:31.565  5426  5426 E AndroidRuntime: FATAL EXCEPTION: main
04-14 09:08:31.565  5426  5426 E AndroidRuntime: Process: com.poi.fintrack, PID: 5426
04-14 09:08:31.565  5426  5426 E AndroidRuntime: java.lang.RuntimeException: Unable to instantiate activity ComponentInfo{com.poi.fintrack/com.yourname.fintrack.MainActivity}: java.lang.ClassNotFoundException: Didn't find class "com.yourname.fintrack.MainActivity" on path: DexPathList[[zip file "/data/app/~~Gz3HNoMkokfn1FcyEkcyCg==/com.poi.fintrack-lr60OtAFblJd6y4XZoMZ1A==/base.apk"],nativeLibraryDirectories=[/data/app/~~Gz3HNoMkokfn1FcyEkcyCg==/com.poi.fintrack-lr60OtAFblJd6y4XZoMZ1A==/lib/x86_64, /data/app/~~Gz3HNoMkokfn1FcyEkcyCg==/com.poi.fintrack-lr60OtAFblJd6y4XZoMZ1A==/base.apk!/lib/x86_64, /system/lib64, /system/system_ext/lib64, /system/product/lib64, /system/vendor/lib64]]
04-14 09:08:31.565  5426  5426 E AndroidRuntime: 	at android.app.ActivityThread.performLaunchActivity(ActivityThread.java:3663)
04-14 09:08:31.565  5426  5426 E AndroidRuntime: 	at android.app.ActivityThread.handleLaunchActivity(ActivityThread.java:3933)
04-14 09:08:31.565  5426  5426 E AndroidRuntime: 	at android.app.servertransaction.LaunchActivityItem.execute(LaunchActivityItem.java:103)
04-14 09:08:31.565  5426  5426 E AndroidRuntime: 	at android.app.servertransaction.TransactionExecutor.executeCallbacks(TransactionExecutor.java:135)
04-14 09:08:31.565  5426  5426 E AndroidRuntime: 	at android.app.servertransaction.TransactionExecutor.execute(TransactionExecutor.java:95)
04-14 09:08:31.565  5426  5426 E AndroidRuntime: 	at android.app.ActivityThread$H.handleMessage(ActivityThread.java:2296)
04-14 09:08:31.565  5426  5426 E AndroidRuntime: 	at android.os.Handler.dispatchMessage(Handler.java:106)
04-14 09:08:31.565  5426  5426 E AndroidRuntime: 	at android.os.Looper.loopOnce(Looper.java:201)
04-14 09:08:31.565  5426  5426 E AndroidRuntime: 	at android.os.Looper.loop(Looper.java:288)
04-14 09:08:31.565  5426  5426 E AndroidRuntime: 	at android.app.ActivityThread.main(ActivityThread.java:8062)
04-14 09:08:31.565  5426  5426 E AndroidRuntime: 	at java.lang.reflect.Method.invoke(Native Method)
04-14 09:08:31.565  5426  5426 E AndroidRuntime: 	at com.android.internal.os.RuntimeInit$MethodAndArgsCaller.run(RuntimeInit.java:571)
04-14 09:08:31.565  5426  5426 E AndroidRuntime: 	at com.android.internal.os.ZygoteInit.main(ZygoteInit.java:1091)
04-14 09:08:31.565  5426  5426 E AndroidRuntime: Caused by: java.lang.ClassNotFoundException: Didn't find class "com.yourname.fintrack.MainActivity" on path: DexPathList[[zip file "/data/app/~~Gz3HNoMkokfn1FcyEkcyCg==/com.poi.fintrack-lr60OtAFblJd6y4XZoMZ1A==/base.apk"],nativeLibraryDirectories=[/data/app/~~Gz3HNoMkokfn1FcyEkcyCg==/com.poi.fintrack-lr60OtAFblJd6y4XZoMZ1A==/lib/x86_64, /data/app/~~Gz3HNoMkokfn1FcyEkcyCg==/com.poi.fintrack-lr60OtAFblJd6y4XZoMZ1A==/base.apk!/lib/x86_64, /system/lib64, /system/system_ext/lib64, /system/product/lib64, /system/vendor/lib64]]
04-14 09:08:31.565  5426  5426 E AndroidRuntime: 	at dalvik.system.BaseDexClassLoader.findClass(BaseDexClassLoader.java:218)
04-14 09:08:31.565  5426  5426 E AndroidRuntime: 	at java.lang.ClassLoader.loadClass(ClassLoader.java:379)
04-14 09:08:31.565  5426  5426 E AndroidRuntime: 	at java.lang.ClassLoader.loadClass(ClassLoader.java:312)
04-14 09:08:31.565  5426  5426 E AndroidRuntime: 	at android.app.AppComponentFactory.instantiateActivity(AppComponentFactory.java:95)
04-14 09:08:31.565  5426  5426 E AndroidRuntime: 	at androidx.core.app.CoreComponentFactory.instantiateActivity(CoreComponentFactory.java:44)
04-14 09:08:31.565  5426  5426 E AndroidRuntime: 	at android.app.Instrumentation.newActivity(Instrumentation.java:1289)
04-14 09:08:31.565  5426  5426 E AndroidRuntime: 	at android.app.ActivityThread.performLaunchActivity(ActivityThread.java:3650)
04-14 09:08:31.565  5426  5426 E AndroidRuntime: 	... 12 more
04-14 09:08:31.572  1270  2084 W ActivityTaskManager:   Force finishing activity com.poi.fintrack/com.yourname.fintrack.MainActivity
04-14 09:08:31.596  1270  2084 I ActivityManager: Process com.poi.fintrack (pid 5426) has died: fg  TOP 
04-14 09:08:31.851  1270  3387 I ActivityTaskManager: START u0 {act=android.intent.action.MAIN cat=[android.intent.category.LAUNCHER] flg=0x10200000 cmp=com.poi.fintrack/com.yourname.fintrack.MainActivity bnds=[89,312][326,503]} from uid 10027, pid 1573
04-14 09:08:31.853  1270  3387 I ActivityTaskManager: [KeepAlive] disabled for com.poi.fintrack
04-14 09:08:31.863  1270  1300 I ActivityManager: Start proc 5471:com.poi.fintrack/u0a56 for pre-top-activity {com.poi.fintrack/com.yourname.fintrack.MainActivity}
04-14 09:08:31.910  1270  1290 D RecentTaskMonitor: VAddressShellNotifier#notifyOpenTab :{"uri":"player\/tab","need_response":false,"params":{"id":"task:47","displayId":0,"userId":0,"name":"fintrack","originName":"fintrack","packageName":"com.poi.fintrack","launcher":false,"newTask":true,"icon":"iVBORw0KGgoAAAANSUhEUgAAABgAAAAYCAYAAADgdz34AAAAAXNSR0IArs4c6QAAAARzQklUCAgICHwIZIgAAAOOSURBVEiJjZXLi1xFFMZ\/p6ru7e57Z7pHW2ZCRk1QxFXciKCC6EYU3fpAQqKoC0EQ\/CPcCa7cqWCWunMR\/Rtc+toJk2TymMRMv99VdVzcnk53T3eTD+7iVp0633cedUr2Lu6\/aG1yReAZ5qCqqCoigkstNrGINQgQgxImAT\/2aCxsxAhL5+\/GGD6Ss5fOHYjIufnN6CPGGfJ6RlbLUFViiAsOxArGGAatAb3jPmEcECuIyDzJkQOenC1ERVHyekalWkGMEHxgFTQoIQRKeYk0Sxm0h\/SOe6DMohHYdTKl1KggUN2tUspTNCp5muOsXXDsQ6A76i6kEiDbqZCWE1q3W0XajICIuJkhSm2vSlJOCjLg6pe\/UMtqCwTX7l\/n3W\/fZ+THixFFxaaW2tkajZvNIhIRzEnO80cy0ixdnY5pwQFCDOhKqwIudWzV85lIp6oYZ6hUK7PFZXz43cc0+0189Nxs3NrgvhBT3i4zaA+Jk1gQbNVzxMhM5TJ+\/PQHAAbjAS999cpGAgAEtuo57TsdnIhQrpbXqge4+sevjPyY7rAzW6uWq7z53Bv89PvPK8KA0lYJMV2cTS3IaZt5fP3bNxz3jgFIXcqZ6h5vP\/8WWKGW1Wj1W6c5ouJKDuMSi4ZNZXvAn9iE9154h\/9697l+fIO8lJG4ZOWZk64yYs1m+YAxhssvX+Lp3afI6hkXX\/\/ggeMN2ow1uE3Z+ezK5+xV97hw\/gIHkwN69NGpx9m5DQ5EwCzPmHlY48hLGX\/f\/oft7W2ySrZBzmlEH3HBh6JF57rotWdf5W7nHuUzFf6dHOCcXe9lTYrECH4ScH4UiljmLP8c\/MV4Mubx8RNYZ6f7a7BmS4zgRx6DwrA1WBiz1lmMWSr+umKuWhcY9cao12IW9Rr907d4Wdma\/3XB9e73QED2L5\/X6CP5YznZTjGPkkqKhkialjDGMB6M2KnWaHc71LcfRcQwGPapZjWu3b1G1AeNIiIMu0M6R53iBdy\/fF4BYojsnK3hSm61pIdE8IHGYbN4Rk\/G9Qlz+04bP\/YL9XhYiAjBR1q32sj0H5gjMIIqNG+1GLQH08WH8Vx8w+6Q5mETjRGZaxCj6M15EmMM3Xs9jm80GPfH2GRFR01tbWKZDD2Nwyado05R1Hlb1YZTjZ8g5ntB9meszqBB6Rx16d7r4UquGFzWIFLcUD8J+JFHffGWizVLqdVmjPrF\/xvBlgmmez\/pAAAAAElFTkSuQmCC","canChangeAppOrientation":false,"canReceiveFile":false,"pid":5471,"uid":10056,"action":"open"}}
04-14 09:08:32.073  1270  1290 W ActivityTaskManager: Activity top resumed state loss timeout for ActivityRecord{865be38 u0 com.poi.fintrack/com.yourname.fintrack.MainActivity t-1 f}}
04-14 09:08:32.174  5471  5471 E AndroidRuntime: FATAL EXCEPTION: main
04-14 09:08:32.174  5471  5471 E AndroidRuntime: Process: com.poi.fintrack, PID: 5471
04-14 09:08:32.174  5471  5471 E AndroidRuntime: java.lang.RuntimeException: Unable to instantiate activity ComponentInfo{com.poi.fintrack/com.yourname.fintrack.MainActivity}: java.lang.ClassNotFoundException: Didn't find class "com.yourname.fintrack.MainActivity" on path: DexPathList[[zip file "/data/app/~~Gz3HNoMkokfn1FcyEkcyCg==/com.poi.fintrack-lr60OtAFblJd6y4XZoMZ1A==/base.apk"],nativeLibraryDirectories=[/data/app/~~Gz3HNoMkokfn1FcyEkcyCg==/com.poi.fintrack-lr60OtAFblJd6y4XZoMZ1A==/lib/x86_64, /data/app/~~Gz3HNoMkokfn1FcyEkcyCg==/com.poi.fintrack-lr60OtAFblJd6y4XZoMZ1A==/base.apk!/lib/x86_64, /system/lib64, /system/system_ext/lib64, /system/product/lib64, /system/vendor/lib64]]
04-14 09:08:32.174  5471  5471 E AndroidRuntime: 	at android.app.ActivityThread.performLaunchActivity(ActivityThread.java:3663)
04-14 09:08:32.174  5471  5471 E AndroidRuntime: 	at android.app.ActivityThread.handleLaunchActivity(ActivityThread.java:3933)
04-14 09:08:32.174  5471  5471 E AndroidRuntime: 	at android.app.servertransaction.LaunchActivityItem.execute(LaunchActivityItem.java:103)
04-14 09:08:32.174  5471  5471 E AndroidRuntime: 	at android.app.servertransaction.TransactionExecutor.executeCallbacks(TransactionExecutor.java:135)
04-14 09:08:32.174  5471  5471 E AndroidRuntime: 	at android.app.servertransaction.TransactionExecutor.execute(TransactionExecutor.java:95)
04-14 09:08:32.174  5471  5471 E AndroidRuntime: 	at android.app.ActivityThread$H.handleMessage(ActivityThread.java:2296)
04-14 09:08:32.174  5471  5471 E AndroidRuntime: 	at android.os.Handler.dispatchMessage(Handler.java:106)
04-14 09:08:32.174  5471  5471 E AndroidRuntime: 	at android.os.Looper.loopOnce(Looper.java:201)
04-14 09:08:32.174  5471  5471 E AndroidRuntime: 	at android.os.Looper.loop(Looper.java:288)
04-14 09:08:32.174  5471  5471 E AndroidRuntime: 	at android.app.ActivityThread.main(ActivityThread.java:8062)
04-14 09:08:32.174  5471  5471 E AndroidRuntime: 	at java.lang.reflect.Method.invoke(Native Method)
04-14 09:08:32.174  5471  5471 E AndroidRuntime: 	at com.android.internal.os.RuntimeInit$MethodAndArgsCaller.run(RuntimeInit.java:571)
04-14 09:08:32.174  5471  5471 E AndroidRuntime: 	at com.android.internal.os.ZygoteInit.main(ZygoteInit.java:1091)
04-14 09:08:32.174  5471  5471 E AndroidRuntime: Caused by: java.lang.ClassNotFoundException: Didn't find class "com.yourname.fintrack.MainActivity" on path: DexPathList[[zip file "/data/app/~~Gz3HNoMkokfn1FcyEkcyCg==/com.poi.fintrack-lr60OtAFblJd6y4XZoMZ1A==/base.apk"],nativeLibraryDirectories=[/data/app/~~Gz3HNoMkokfn1FcyEkcyCg==/com.poi.fintrack-lr60OtAFblJd6y4XZoMZ1A==/lib/x86_64, /data/app/~~Gz3HNoMkokfn1FcyEkcyCg==/com.poi.fintrack-lr60OtAFblJd6y4XZoMZ1A==/base.apk!/lib/x86_64, /system/lib64, /system/system_ext/lib64, /system/product/lib64, /system/vendor/lib64]]
04-14 09:08:32.174  5471  5471 E AndroidRuntime: 	at dalvik.system.BaseDexClassLoader.findClass(BaseDexClassLoader.java:218)
04-14 09:08:32.174  5471  5471 E AndroidRuntime: 	at java.lang.ClassLoader.loadClass(ClassLoader.java:379)
04-14 09:08:32.174  5471  5471 E AndroidRuntime: 	at java.lang.ClassLoader.loadClass(ClassLoader.java:312)
04-14 09:08:32.174  5471  5471 E AndroidRuntime: 	at android.app.AppComponentFactory.instantiateActivity(AppComponentFactory.java:95)
04-14 09:08:32.174  5471  5471 E AndroidRuntime: 	at androidx.core.app.CoreComponentFactory.instantiateActivity(CoreComponentFactory.java:44)
04-14 09:08:32.174  5471  5471 E AndroidRuntime: 	at android.app.Instrumentation.newActivity(Instrumentation.java:1289)
04-14 09:08:32.174  5471  5471 E AndroidRuntime: 	at android.app.ActivityThread.performLaunchActivity(ActivityThread.java:3650)
04-14 09:08:32.174  5471  5471 E AndroidRuntime: 	... 12 more
04-14 09:08:32.176  1270  3392 W ActivityTaskManager:   Force finishing activity com.poi.fintrack/com.yourname.fintrack.MainActivity
04-14 09:08:32.195  1270  3392 I ActivityManager: Process com.poi.fintrack (pid 5471) has died: fg  TOP 
04-14 09:08:32.675  1270  1290 W ActivityTaskManager: Activity top resumed state loss timeout for ActivityRecord{d4918f1 u0 com.poi.fintrack/com.yourname.fintrack.MainActivity t-1 f}}
04-14 09:09:39.784  1270  3991 I ActivityManager: Force stopping com.poi.fintrack appid=10056 user=0: from pid 5536
04-14 09:09:42.722  1270  1326 I NativeHelper: com.poi.fintrack use max number of library use abi:x86_64 index:0
04-14 09:09:42.725  1270  1319 I NativeHelper: com.poi.fintrack use max number of library use abi:x86_64 index:0
04-14 09:09:42.728  1270  1319 I NativeHelper: com.poi.fintrack use max number of library use abi:x86_64 index:0
04-14 09:09:42.732  1270  1319 I NativeHelper: com.poi.fintrack use max number of library use abi:x86_64 index:0
04-14 09:09:42.733  1270  1299 I ActivityManager: Force stopping com.poi.fintrack appid=10056 user=-1: installPackageLI
04-14 09:09:42.738  1270  1319 I PackageManager: Update package com.poi.fintrack code path from /data/app/~~Gz3HNoMkokfn1FcyEkcyCg==/com.poi.fintrack-lr60OtAFblJd6y4XZoMZ1A== to /data/app/~~ZTToIqFxlDNSljujh3WcpA==/com.poi.fintrack-gHHOA_7kVVxO8_IqIEEL0A==; Retain data and using new
04-14 09:09:42.769  1270  1319 I NativeHelper: com.poi.fintrack use max number of library use abi:x86_64 index:0
04-14 09:09:42.770  1270  1319 I NativeHelper: com.poi.fintrack use max number of library use abi:arm64-v8a index:0
04-14 09:09:42.771  1270  1319 I NativeHelper: com.poi.fintrack use max number of library use abi:armeabi-v7a index:0
04-14 09:09:42.774  1270  1319 I ActivityManager: Force stopping com.poi.fintrack appid=10056 user=0: pkg removed
04-14 09:09:42.782  1270  1299 W BroadcastQueue: Background execution not allowed: receiving Intent { act=android.intent.action.PACKAGE_REMOVED dat=package:com.poi.fintrack flg=0x4000010 (has extras) } to com.android.gallery3d/.app.PackagesMonitor
04-14 09:09:42.782  1270  1299 W BroadcastQueue: Background execution not allowed: receiving Intent { act=android.intent.action.PACKAGE_REMOVED dat=package:com.poi.fintrack flg=0x4000010 (has extras) } to com.google.android.gms/.chimera.GmsIntentOperationService$PersistentTrustedReceiver
04-14 09:09:42.783  1270  1299 W BroadcastQueue: Background execution not allowed: receiving Intent { act=android.intent.action.PACKAGE_REMOVED dat=package:com.poi.fintrack flg=0x4000010 (has extras) } to com.google.android.gms/.games.chimera.GamesSystemBroadcastReceiverProxy
04-14 09:09:42.827  1270  1287 D CompanionDeviceManagerService: onPackageModified(packageName = com.poi.fintrack)
04-14 09:09:42.832  1270  1299 W BroadcastQueue: Background execution not allowed: receiving Intent { act=android.intent.action.PACKAGE_ADDED dat=package:com.poi.fintrack flg=0x4000010 (has extras) } to com.android.packageinstaller/.PackageInstalledReceiver
04-14 09:09:42.833  1270  1299 W BroadcastQueue: Background execution not allowed: receiving Intent { act=android.intent.action.PACKAGE_ADDED dat=package:com.poi.fintrack flg=0x4000010 (has extras) } to com.android.gallery3d/.app.PackagesMonitor
04-14 09:09:42.833  1270  1299 W BroadcastQueue: Background execution not allowed: receiving Intent { act=android.intent.action.PACKAGE_ADDED dat=package:com.poi.fintrack flg=0x4000010 (has extras) } to com.google.android.gms/.chimera.GmsIntentOperationService$PersistentTrustedReceiver
04-14 09:09:42.834  1270  1299 W BroadcastQueue: Background execution not allowed: receiving Intent { act=android.intent.action.PACKAGE_ADDED dat=package:com.poi.fintrack flg=0x4000010 (has extras) } to com.google.android.gms/.games.chimera.GamesSystemBroadcastReceiverProxy
04-14 09:09:42.846  1270  1299 W BroadcastQueue: Background execution not allowed: receiving Intent { act=android.intent.action.PACKAGE_ADDED dat=package:com.poi.fintrack flg=0x4000010 (has extras) } to com.google.android.gms/.gass.chimera.PackageChangeBroadcastReceiver
04-14 09:09:42.846  1270  1299 W BroadcastQueue: Background execution not allowed: receiving Intent { act=android.intent.action.PACKAGE_REPLACED dat=package:com.poi.fintrack flg=0x4000010 (has extras) } to com.google.android.gms/.chimera.GmsIntentOperationService$PersistentTrustedReceiver
04-14 09:09:42.846  1270  1299 W BroadcastQueue: Background execution not allowed: receiving Intent { act=android.intent.action.PACKAGE_REPLACED dat=package:com.poi.fintrack flg=0x4000010 (has extras) } to com.google.android.gms/.gass.chimera.PackageChangeBroadcastReceiver
04-14 09:09:42.846  1270  1299 W BroadcastQueue: Background execution not allowed: receiving Intent { act=android.intent.action.PACKAGE_REPLACED dat=package:com.poi.fintrack flg=0x4000010 (has extras) } to com.netease.nemu_vapi_android.nemu/com.netease.nemu_vapi_android.receiver.LaunchReceiver
04-14 09:09:43.002  1270  3387 I ActivityTaskManager: START u0 {act=android.intent.action.MAIN cat=[android.intent.category.LAUNCHER] flg=0x30000000 cmp=com.poi.fintrack/com.yourname.fintrack.MainActivity (has extras)} from uid 2000, pid 5562
04-14 09:09:43.012  1270  3387 I ActivityTaskManager: [KeepAlive] disabled for com.poi.fintrack
04-14 09:09:43.109  1270  1300 I ActivityManager: Start proc 5569:com.poi.fintrack/u0a56 for pre-top-activity {com.poi.fintrack/com.yourname.fintrack.MainActivity}
04-14 09:09:43.297  1270  1290 D RecentTaskMonitor: VAddressShellNotifier#notifyOpenTab :{"uri":"player\/tab","need_response":false,"params":{"id":"task:48","displayId":0,"userId":0,"name":"fintrack","originName":"fintrack","packageName":"com.poi.fintrack","launcher":false,"newTask":true,"icon":"iVBORw0KGgoAAAANSUhEUgAAABgAAAAYCAYAAADgdz34AAAAAXNSR0IArs4c6QAAAARzQklUCAgICHwIZIgAAAOOSURBVEiJjZXLi1xFFMZ\/p6ru7e57Z7pHW2ZCRk1QxFXciKCC6EYU3fpAQqKoC0EQ\/CPcCa7cqWCWunMR\/Rtc+toJk2TymMRMv99VdVzcnk53T3eTD+7iVp0633cedUr2Lu6\/aG1yReAZ5qCqqCoigkstNrGINQgQgxImAT\/2aCxsxAhL5+\/GGD6Ss5fOHYjIufnN6CPGGfJ6RlbLUFViiAsOxArGGAatAb3jPmEcECuIyDzJkQOenC1ERVHyekalWkGMEHxgFTQoIQRKeYk0Sxm0h\/SOe6DMohHYdTKl1KggUN2tUspTNCp5muOsXXDsQ6A76i6kEiDbqZCWE1q3W0XajICIuJkhSm2vSlJOCjLg6pe\/UMtqCwTX7l\/n3W\/fZ+THixFFxaaW2tkajZvNIhIRzEnO80cy0ixdnY5pwQFCDOhKqwIudWzV85lIp6oYZ6hUK7PFZXz43cc0+0189Nxs3NrgvhBT3i4zaA+Jk1gQbNVzxMhM5TJ+\/PQHAAbjAS999cpGAgAEtuo57TsdnIhQrpbXqge4+sevjPyY7rAzW6uWq7z53Bv89PvPK8KA0lYJMV2cTS3IaZt5fP3bNxz3jgFIXcqZ6h5vP\/8WWKGW1Wj1W6c5ouJKDuMSi4ZNZXvAn9iE9154h\/9697l+fIO8lJG4ZOWZk64yYs1m+YAxhssvX+Lp3afI6hkXX\/\/ggeMN2ow1uE3Z+ezK5+xV97hw\/gIHkwN69NGpx9m5DQ5EwCzPmHlY48hLGX\/f\/oft7W2ySrZBzmlEH3HBh6JF57rotWdf5W7nHuUzFf6dHOCcXe9lTYrECH4ScH4UiljmLP8c\/MV4Mubx8RNYZ6f7a7BmS4zgRx6DwrA1WBiz1lmMWSr+umKuWhcY9cao12IW9Rr907d4Wdma\/3XB9e73QED2L5\/X6CP5YznZTjGPkkqKhkialjDGMB6M2KnWaHc71LcfRcQwGPapZjWu3b1G1AeNIiIMu0M6R53iBdy\/fF4BYojsnK3hSm61pIdE8IHGYbN4Rk\/G9Qlz+04bP\/YL9XhYiAjBR1q32sj0H5gjMIIqNG+1GLQH08WH8Vx8w+6Q5mETjRGZaxCj6M15EmMM3Xs9jm80GPfH2GRFR01tbWKZDD2Nwyado05R1Hlb1YZTjZ8g5ntB9meszqBB6Rx16d7r4UquGFzWIFLcUD8J+JFHffGWizVLqdVmjPrF\/xvBlgmmez\/pAAAAAElFTkSuQmCC","canChangeAppOrientation":false,"canReceiveFile":false,"pid":5569,"uid":10056,"action":"open"}}
04-14 09:09:43.367  1270  1316 E VerityUtils: Failed to measure fs-verity, errno 1: /data/app/~~ZTToIqFxlDNSljujh3WcpA==/com.poi.fintrack-gHHOA_7kVVxO8_IqIEEL0A==/base.apk
04-14 09:09:43.783  5569  5569 E AndroidRuntime: FATAL EXCEPTION: main
04-14 09:09:43.783  5569  5569 E AndroidRuntime: Process: com.poi.fintrack, PID: 5569
04-14 09:09:43.783  5569  5569 E AndroidRuntime: java.lang.RuntimeException: Unable to instantiate activity ComponentInfo{com.poi.fintrack/com.yourname.fintrack.MainActivity}: java.lang.ClassNotFoundException: Didn't find class "com.yourname.fintrack.MainActivity" on path: DexPathList[[zip file "/data/app/~~ZTToIqFxlDNSljujh3WcpA==/com.poi.fintrack-gHHOA_7kVVxO8_IqIEEL0A==/base.apk"],nativeLibraryDirectories=[/data/app/~~ZTToIqFxlDNSljujh3WcpA==/com.poi.fintrack-gHHOA_7kVVxO8_IqIEEL0A==/lib/x86_64, /data/app/~~ZTToIqFxlDNSljujh3WcpA==/com.poi.fintrack-gHHOA_7kVVxO8_IqIEEL0A==/base.apk!/lib/x86_64, /system/lib64, /system/system_ext/lib64, /system/product/lib64, /system/vendor/lib64]]
04-14 09:09:43.783  5569  5569 E AndroidRuntime: 	at android.app.ActivityThread.performLaunchActivity(ActivityThread.java:3663)
04-14 09:09:43.783  5569  5569 E AndroidRuntime: 	at android.app.ActivityThread.handleLaunchActivity(ActivityThread.java:3933)
04-14 09:09:43.783  5569  5569 E AndroidRuntime: 	at android.app.servertransaction.LaunchActivityItem.execute(LaunchActivityItem.java:103)
04-14 09:09:43.783  5569  5569 E AndroidRuntime: 	at android.app.servertransaction.TransactionExecutor.executeCallbacks(TransactionExecutor.java:135)
04-14 09:09:43.783  5569  5569 E AndroidRuntime: 	at android.app.servertransaction.TransactionExecutor.execute(TransactionExecutor.java:95)
04-14 09:09:43.783  5569  5569 E AndroidRuntime: 	at android.app.ActivityThread$H.handleMessage(ActivityThread.java:2296)
04-14 09:09:43.783  5569  5569 E AndroidRuntime: 	at android.os.Handler.dispatchMessage(Handler.java:106)
04-14 09:09:43.783  5569  5569 E AndroidRuntime: 	at android.os.Looper.loopOnce(Looper.java:201)
04-14 09:09:43.783  5569  5569 E AndroidRuntime: 	at android.os.Looper.loop(Looper.java:288)
04-14 09:09:43.783  5569  5569 E AndroidRuntime: 	at android.app.ActivityThread.main(ActivityThread.java:8062)
04-14 09:09:43.783  5569  5569 E AndroidRuntime: 	at java.lang.reflect.Method.invoke(Native Method)
04-14 09:09:43.783  5569  5569 E AndroidRuntime: 	at com.android.internal.os.RuntimeInit$MethodAndArgsCaller.run(RuntimeInit.java:571)
04-14 09:09:43.783  5569  5569 E AndroidRuntime: 	at com.android.internal.os.ZygoteInit.main(ZygoteInit.java:1091)
04-14 09:09:43.783  5569  5569 E AndroidRuntime: Caused by: java.lang.ClassNotFoundException: Didn't find class "com.yourname.fintrack.MainActivity" on path: DexPathList[[zip file "/data/app/~~ZTToIqFxlDNSljujh3WcpA==/com.poi.fintrack-gHHOA_7kVVxO8_IqIEEL0A==/base.apk"],nativeLibraryDirectories=[/data/app/~~ZTToIqFxlDNSljujh3WcpA==/com.poi.fintrack-gHHOA_7kVVxO8_IqIEEL0A==/lib/x86_64, /data/app/~~ZTToIqFxlDNSljujh3WcpA==/com.poi.fintrack-gHHOA_7kVVxO8_IqIEEL0A==/base.apk!/lib/x86_64, /system/lib64, /system/system_ext/lib64, /system/product/lib64, /system/vendor/lib64]]
04-14 09:09:43.783  5569  5569 E AndroidRuntime: 	at dalvik.system.BaseDexClassLoader.findClass(BaseDexClassLoader.java:218)
04-14 09:09:43.783  5569  5569 E AndroidRuntime: 	at java.lang.ClassLoader.loadClass(ClassLoader.java:379)
04-14 09:09:43.783  5569  5569 E AndroidRuntime: 	at java.lang.ClassLoader.loadClass(ClassLoader.java:312)
04-14 09:09:43.783  5569  5569 E AndroidRuntime: 	at android.app.AppComponentFactory.instantiateActivity(AppComponentFactory.java:95)
04-14 09:09:43.783  5569  5569 E AndroidRuntime: 	at androidx.core.app.CoreComponentFactory.instantiateActivity(CoreComponentFactory.java:44)
04-14 09:09:43.783  5569  5569 E AndroidRuntime: 	at android.app.Instrumentation.newActivity(Instrumentation.java:1289)
04-14 09:09:43.783  5569  5569 E AndroidRuntime: 	at android.app.ActivityThread.performLaunchActivity(ActivityThread.java:3650)
04-14 09:09:43.783  5569  5569 E AndroidRuntime: 	... 12 more
04-14 09:09:43.788  1270  3387 W ActivityTaskManager:   Force finishing activity com.poi.fintrack/com.yourname.fintrack.MainActivity
04-14 09:09:43.864  1270  3394 I ActivityManager: Process com.poi.fintrack (pid 5569) has died: fg  TOP 
04-14 09:09:43.952  1270  1316 E VerityUtils: Failed to measure fs-verity, errno 1: /data/app/~~ZTToIqFxlDNSljujh3WcpA==/com.poi.fintrack-gHHOA_7kVVxO8_IqIEEL0A==/base.apk
04-14 09:09:44.294  1270  1290 W ActivityTaskManager: Activity top resumed state loss timeout for ActivityRecord{4a84ab4 u0 com.poi.fintrack/com.yourname.fintrack.MainActivity t-1 f}}
04-14 09:11:14.466  1270  3300 I ActivityManager: Force stopping com.poi.fintrack appid=10056 user=0: clear data
04-14 09:11:14.477  1270  1299 I ActivityManager: Force stopping com.poi.fintrack appid=10056 user=-1: clearApplicationUserData
04-14 09:11:29.601  1270  3300 I ActivityManager: Force stopping com.poi.fintrack appid=10056 user=0: from pid 5687
04-14 09:11:31.837  1270  1326 I NativeHelper: com.poi.fintrack use max number of library use abi:x86_64 index:0
04-14 09:11:31.838  1270  1319 I NativeHelper: com.poi.fintrack use max number of library use abi:x86_64 index:0
04-14 09:11:31.841  1270  1319 I NativeHelper: com.poi.fintrack use max number of library use abi:x86_64 index:0
04-14 09:11:31.847  1270  1319 I NativeHelper: com.poi.fintrack use max number of library use abi:x86_64 index:0
04-14 09:11:31.848  1270  1299 I ActivityManager: Force stopping com.poi.fintrack appid=10056 user=-1: installPackageLI
04-14 09:11:31.853  1270  1319 I PackageManager: Update package com.poi.fintrack code path from /data/app/~~ZTToIqFxlDNSljujh3WcpA==/com.poi.fintrack-gHHOA_7kVVxO8_IqIEEL0A== to /data/app/~~n86jAr9aPyswNfLimbG5vQ==/com.poi.fintrack-03kg5C9n4c2s6c881TlK9w==; Retain data and using new
04-14 09:11:31.896  1270  1319 I NativeHelper: com.poi.fintrack use max number of library use abi:x86_64 index:0
04-14 09:11:31.898  1270  1319 I NativeHelper: com.poi.fintrack use max number of library use abi:arm64-v8a index:0
04-14 09:11:31.900  1270  1319 I NativeHelper: com.poi.fintrack use max number of library use abi:armeabi-v7a index:0
04-14 09:11:31.905  1270  1319 I ActivityManager: Force stopping com.poi.fintrack appid=10056 user=0: pkg removed
04-14 09:11:31.931  1270  1299 W BroadcastQueue: Background execution not allowed: receiving Intent { act=android.intent.action.PACKAGE_REMOVED dat=package:com.poi.fintrack flg=0x4000010 (has extras) } to com.android.gallery3d/.app.PackagesMonitor
04-14 09:11:31.933  1270  1299 W BroadcastQueue: Background execution not allowed: receiving Intent { act=android.intent.action.PACKAGE_REMOVED dat=package:com.poi.fintrack flg=0x4000010 (has extras) } to com.google.android.gms/.chimera.GmsIntentOperationService$PersistentTrustedReceiver
04-14 09:11:31.934  1270  1299 W BroadcastQueue: Background execution not allowed: receiving Intent { act=android.intent.action.PACKAGE_REMOVED dat=package:com.poi.fintrack flg=0x4000010 (has extras) } to com.google.android.gms/.games.chimera.GamesSystemBroadcastReceiverProxy
04-14 09:11:31.948  1270  1299 W BroadcastQueue: Background execution not allowed: receiving Intent { act=android.intent.action.PACKAGE_ADDED dat=package:com.poi.fintrack flg=0x4000010 (has extras) } to com.android.packageinstaller/.PackageInstalledReceiver
04-14 09:11:31.948  1270  1299 W BroadcastQueue: Background execution not allowed: receiving Intent { act=android.intent.action.PACKAGE_ADDED dat=package:com.poi.fintrack flg=0x4000010 (has extras) } to com.android.gallery3d/.app.PackagesMonitor
04-14 09:11:31.948  1270  1299 W BroadcastQueue: Background execution not allowed: receiving Intent { act=android.intent.action.PACKAGE_ADDED dat=package:com.poi.fintrack flg=0x4000010 (has extras) } to com.google.android.gms/.chimera.GmsIntentOperationService$PersistentTrustedReceiver
04-14 09:11:31.949  1270  1299 W BroadcastQueue: Background execution not allowed: receiving Intent { act=android.intent.action.PACKAGE_ADDED dat=package:com.poi.fintrack flg=0x4000010 (has extras) } to com.google.android.gms/.games.chimera.GamesSystemBroadcastReceiverProxy
04-14 09:11:31.949  1270  1299 W BroadcastQueue: Background execution not allowed: receiving Intent { act=android.intent.action.PACKAGE_ADDED dat=package:com.poi.fintrack flg=0x4000010 (has extras) } to com.google.android.gms/.gass.chimera.PackageChangeBroadcastReceiver
04-14 09:11:31.953  1270  1287 D CompanionDeviceManagerService: onPackageModified(packageName = com.poi.fintrack)
04-14 09:11:31.981  1270  1299 W BroadcastQueue: Background execution not allowed: receiving Intent { act=android.intent.action.PACKAGE_REPLACED dat=package:com.poi.fintrack flg=0x4000010 (has extras) } to com.google.android.gms/.chimera.GmsIntentOperationService$PersistentTrustedReceiver
04-14 09:11:31.982  1270  1299 W BroadcastQueue: Background execution not allowed: receiving Intent { act=android.intent.action.PACKAGE_REPLACED dat=package:com.poi.fintrack flg=0x4000010 (has extras) } to com.google.android.gms/.gass.chimera.PackageChangeBroadcastReceiver
04-14 09:11:31.983  1270  1299 W BroadcastQueue: Background execution not allowed: receiving Intent { act=android.intent.action.PACKAGE_REPLACED dat=package:com.poi.fintrack flg=0x4000010 (has extras) } to com.netease.nemu_vapi_android.nemu/com.netease.nemu_vapi_android.receiver.LaunchReceiver
04-14 09:11:32.108  1270  1316 E VerityUtils: Failed to measure fs-verity, errno 1: /data/app/~~n86jAr9aPyswNfLimbG5vQ==/com.poi.fintrack-03kg5C9n4c2s6c881TlK9w==/base.apk
04-14 09:11:32.171  1270  1448 I ActivityTaskManager: START u0 {act=android.intent.action.MAIN cat=[android.intent.category.LAUNCHER] flg=0x30000000 cmp=com.poi.fintrack/com.yourname.fintrack.MainActivity (has extras)} from uid 2000, pid 5743
04-14 09:11:32.176  1270  1448 I ActivityTaskManager: [KeepAlive] disabled for com.poi.fintrack
04-14 09:11:32.232  1270  1300 I ActivityManager: Start proc 5746:com.poi.fintrack/u0a56 for pre-top-activity {com.poi.fintrack/com.yourname.fintrack.MainActivity}
04-14 09:11:32.625  1270  1290 D RecentTaskMonitor: VAddressShellNotifier#notifyOpenTab :{"uri":"player\/tab","need_response":false,"params":{"id":"task:49","displayId":0,"userId":0,"name":"fintrack","originName":"fintrack","packageName":"com.poi.fintrack","launcher":false,"newTask":true,"icon":"iVBORw0KGgoAAAANSUhEUgAAABgAAAAYCAYAAADgdz34AAAAAXNSR0IArs4c6QAAAARzQklUCAgICHwIZIgAAAOOSURBVEiJjZXLi1xFFMZ\/p6ru7e57Z7pHW2ZCRk1QxFXciKCC6EYU3fpAQqKoC0EQ\/CPcCa7cqWCWunMR\/Rtc+toJk2TymMRMv99VdVzcnk53T3eTD+7iVp0633cedUr2Lu6\/aG1yReAZ5qCqqCoigkstNrGINQgQgxImAT\/2aCxsxAhL5+\/GGD6Ss5fOHYjIufnN6CPGGfJ6RlbLUFViiAsOxArGGAatAb3jPmEcECuIyDzJkQOenC1ERVHyekalWkGMEHxgFTQoIQRKeYk0Sxm0h\/SOe6DMohHYdTKl1KggUN2tUspTNCp5muOsXXDsQ6A76i6kEiDbqZCWE1q3W0XajICIuJkhSm2vSlJOCjLg6pe\/UMtqCwTX7l\/n3W\/fZ+THixFFxaaW2tkajZvNIhIRzEnO80cy0ixdnY5pwQFCDOhKqwIudWzV85lIp6oYZ6hUK7PFZXz43cc0+0189Nxs3NrgvhBT3i4zaA+Jk1gQbNVzxMhM5TJ+\/PQHAAbjAS999cpGAgAEtuo57TsdnIhQrpbXqge4+sevjPyY7rAzW6uWq7z53Bv89PvPK8KA0lYJMV2cTS3IaZt5fP3bNxz3jgFIXcqZ6h5vP\/8WWKGW1Wj1W6c5ouJKDuMSi4ZNZXvAn9iE9154h\/9697l+fIO8lJG4ZOWZk64yYs1m+YAxhssvX+Lp3afI6hkXX\/\/ggeMN2ow1uE3Z+ezK5+xV97hw\/gIHkwN69NGpx9m5DQ5EwCzPmHlY48hLGX\/f\/oft7W2ySrZBzmlEH3HBh6JF57rotWdf5W7nHuUzFf6dHOCcXe9lTYrECH4ScH4UiljmLP8c\/MV4Mubx8RNYZ6f7a7BmS4zgRx6DwrA1WBiz1lmMWSr+umKuWhcY9cao12IW9Rr907d4Wdma\/3XB9e73QED2L5\/X6CP5YznZTjGPkkqKhkialjDGMB6M2KnWaHc71LcfRcQwGPapZjWu3b1G1AeNIiIMu0M6R53iBdy\/fF4BYojsnK3hSm61pIdE8IHGYbN4Rk\/G9Qlz+04bP\/YL9XhYiAjBR1q32sj0H5gjMIIqNG+1GLQH08WH8Vx8w+6Q5mETjRGZaxCj6M15EmMM3Xs9jm80GPfH2GRFR01tbWKZDD2Nwyado05R1Hlb1YZTjZ8g5ntB9meszqBB6Rx16d7r4UquGFzWIFLcUD8J+JFHffGWizVLqdVmjPrF\/xvBlgmmez\/pAAAAAElFTkSuQmCC","canChangeAppOrientation":false,"canReceiveFile":false,"pid":5746,"uid":10056,"action":"open"}}
04-14 09:11:32.722  1270  1316 E VerityUtils: Failed to measure fs-verity, errno 1: /data/app/~~n86jAr9aPyswNfLimbG5vQ==/com.poi.fintrack-03kg5C9n4c2s6c881TlK9w==/base.apk
04-14 09:11:33.000  5746  5746 E AndroidRuntime: FATAL EXCEPTION: main
04-14 09:11:33.000  5746  5746 E AndroidRuntime: Process: com.poi.fintrack, PID: 5746
04-14 09:11:33.000  5746  5746 E AndroidRuntime: java.lang.RuntimeException: Unable to instantiate activity ComponentInfo{com.poi.fintrack/com.yourname.fintrack.MainActivity}: java.lang.ClassNotFoundException: Didn't find class "com.yourname.fintrack.MainActivity" on path: DexPathList[[zip file "/data/app/~~n86jAr9aPyswNfLimbG5vQ==/com.poi.fintrack-03kg5C9n4c2s6c881TlK9w==/base.apk"],nativeLibraryDirectories=[/data/app/~~n86jAr9aPyswNfLimbG5vQ==/com.poi.fintrack-03kg5C9n4c2s6c881TlK9w==/lib/x86_64, /data/app/~~n86jAr9aPyswNfLimbG5vQ==/com.poi.fintrack-03kg5C9n4c2s6c881TlK9w==/base.apk!/lib/x86_64, /system/lib64, /system/system_ext/lib64, /system/product/lib64, /system/vendor/lib64]]
04-14 09:11:33.000  5746  5746 E AndroidRuntime: 	at android.app.ActivityThread.performLaunchActivity(ActivityThread.java:3663)
04-14 09:11:33.000  5746  5746 E AndroidRuntime: 	at android.app.ActivityThread.handleLaunchActivity(ActivityThread.java:3933)
04-14 09:11:33.000  5746  5746 E AndroidRuntime: 	at android.app.servertransaction.LaunchActivityItem.execute(LaunchActivityItem.java:103)
04-14 09:11:33.000  5746  5746 E AndroidRuntime: 	at android.app.servertransaction.TransactionExecutor.executeCallbacks(TransactionExecutor.java:135)
04-14 09:11:33.000  5746  5746 E AndroidRuntime: 	at android.app.servertransaction.TransactionExecutor.execute(TransactionExecutor.java:95)
04-14 09:11:33.000  5746  5746 E AndroidRuntime: 	at android.app.ActivityThread$H.handleMessage(ActivityThread.java:2296)
04-14 09:11:33.000  5746  5746 E AndroidRuntime: 	at android.os.Handler.dispatchMessage(Handler.java:106)
04-14 09:11:33.000  5746  5746 E AndroidRuntime: 	at android.os.Looper.loopOnce(Looper.java:201)
04-14 09:11:33.000  5746  5746 E AndroidRuntime: 	at android.os.Looper.loop(Looper.java:288)
04-14 09:11:33.000  5746  5746 E AndroidRuntime: 	at android.app.ActivityThread.main(ActivityThread.java:8062)
04-14 09:11:33.000  5746  5746 E AndroidRuntime: 	at java.lang.reflect.Method.invoke(Native Method)
04-14 09:11:33.000  5746  5746 E AndroidRuntime: 	at com.android.internal.os.RuntimeInit$MethodAndArgsCaller.run(RuntimeInit.java:571)
04-14 09:11:33.000  5746  5746 E AndroidRuntime: 	at com.android.internal.os.ZygoteInit.main(ZygoteInit.java:1091)
04-14 09:11:33.000  5746  5746 E AndroidRuntime: Caused by: java.lang.ClassNotFoundException: Didn't find class "com.yourname.fintrack.MainActivity" on path: DexPathList[[zip file "/data/app/~~n86jAr9aPyswNfLimbG5vQ==/com.poi.fintrack-03kg5C9n4c2s6c881TlK9w==/base.apk"],nativeLibraryDirectories=[/data/app/~~n86jAr9aPyswNfLimbG5vQ==/com.poi.fintrack-03kg5C9n4c2s6c881TlK9w==/lib/x86_64, /data/app/~~n86jAr9aPyswNfLimbG5vQ==/com.poi.fintrack-03kg5C9n4c2s6c881TlK9w==/base.apk!/lib/x86_64, /system/lib64, /system/system_ext/lib64, /system/product/lib64, /system/vendor/lib64]]
04-14 09:11:33.000  5746  5746 E AndroidRuntime: 	at dalvik.system.BaseDexClassLoader.findClass(BaseDexClassLoader.java:218)
04-14 09:11:33.000  5746  5746 E AndroidRuntime: 	at java.lang.ClassLoader.loadClass(ClassLoader.java:379)
04-14 09:11:33.000  5746  5746 E AndroidRuntime: 	at java.lang.ClassLoader.loadClass(ClassLoader.java:312)
04-14 09:11:33.000  5746  5746 E AndroidRuntime: 	at android.app.AppComponentFactory.instantiateActivity(AppComponentFactory.java:95)
04-14 09:11:33.000  5746  5746 E AndroidRuntime: 	at androidx.core.app.CoreComponentFactory.instantiateActivity(CoreComponentFactory.java:44)
04-14 09:11:33.000  5746  5746 E AndroidRuntime: 	at android.app.Instrumentation.newActivity(Instrumentation.java:1289)
04-14 09:11:33.000  5746  5746 E AndroidRuntime: 	at android.app.ActivityThread.performLaunchActivity(ActivityThread.java:3650)
04-14 09:11:33.000  5746  5746 E AndroidRuntime: 	... 12 more
04-14 09:11:33.005  1270  1448 W ActivityTaskManager:   Force finishing activity com.poi.fintrack/com.yourname.fintrack.MainActivity
04-14 09:11:33.507  1270  1290 W ActivityTaskManager: Activity top resumed state loss timeout for ActivityRecord{857169b u0 com.poi.fintrack/com.yourname.fintrack.MainActivity t49 f}}
04-14 09:11:33.524  1270  1290 W ActivityTaskManager: Activity pause timeout for ActivityRecord{857169b u0 com.poi.fintrack/com.yourname.fintrack.MainActivity t49 f}}
04-14 09:11:35.123  1270  1448 W WindowManager:   Force finishing activity com.poi.fintrack/com.yourname.fintrack.MainActivity
04-14 09:11:35.132  1270  1448 I ActivityManager: Killing 5746:com.poi.fintrack/u0a56 (adj 900): crash
04-14 09:11:35.147  1270  1448 V ActivityManager: Got obituary of 5746:com.poi.fintrack
04-14 09:11:47.669  1270  3386 I ActivityTaskManager: START u0 {act=android.settings.APPLICATION_DETAILS_SETTINGS dat=package:com.poi.fintrack flg=0x10008000 cmp=com.android.settings/.applications.InstalledAppDetails bnds=[167,530][499,616] (has extras)} from uid 10027, pid 1573
04-14 09:11:54.903  1270  3386 I ActivityManager: Force stopping com.poi.fintrack appid=10056 user=0: clear data
04-14 09:11:54.904  1270  1299 I ActivityManager: Force stopping com.poi.fintrack appid=10056 user=-1: clearApplicationUserData
04-14 09:11:54.932  1270  3386 W ActivityManager: Background start not allowed: service Intent { act=android.intent.action.PACKAGE_DATA_CLEARED dat=package:com.poi.fintrack flg=0x1000010 pkg=com.google.android.gms cmp=com.google.android.gms/.chimera.GmsIntentOperationService (has extras) } to com.google.android.gms/.chimera.GmsIntentOperationService from pid=1659 uid=10014 pkg=com.google.android.gms startFg?=false
04-14 09:11:58.587  1270  3386 I ActivityTaskManager: START u0 {act=android.intent.action.MAIN cat=[android.intent.category.LAUNCHER] flg=0x10200000 cmp=com.poi.fintrack/com.yourname.fintrack.MainActivity bnds=[89,312][326,503]} from uid 10027, pid 1573
04-14 09:11:58.591  1270  3386 I ActivityTaskManager: [KeepAlive] disabled for com.poi.fintrack
04-14 09:11:58.610  1270  1300 I ActivityManager: Start proc 5854:com.poi.fintrack/u0a56 for pre-top-activity {com.poi.fintrack/com.yourname.fintrack.MainActivity}
04-14 09:11:58.674  1270  1290 D RecentTaskMonitor: VAddressShellNotifier#notifyOpenTab :{"uri":"player\/tab","need_response":false,"params":{"id":"task:51","displayId":0,"userId":0,"name":"fintrack","originName":"fintrack","packageName":"com.poi.fintrack","launcher":false,"newTask":true,"icon":"iVBORw0KGgoAAAANSUhEUgAAABgAAAAYCAYAAADgdz34AAAAAXNSR0IArs4c6QAAAARzQklUCAgICHwIZIgAAAOOSURBVEiJjZXLi1xFFMZ\/p6ru7e57Z7pHW2ZCRk1QxFXciKCC6EYU3fpAQqKoC0EQ\/CPcCa7cqWCWunMR\/Rtc+toJk2TymMRMv99VdVzcnk53T3eTD+7iVp0633cedUr2Lu6\/aG1yReAZ5qCqqCoigkstNrGINQgQgxImAT\/2aCxsxAhL5+\/GGD6Ss5fOHYjIufnN6CPGGfJ6RlbLUFViiAsOxArGGAatAb3jPmEcECuIyDzJkQOenC1ERVHyekalWkGMEHxgFTQoIQRKeYk0Sxm0h\/SOe6DMohHYdTKl1KggUN2tUspTNCp5muOsXXDsQ6A76i6kEiDbqZCWE1q3W0XajICIuJkhSm2vSlJOCjLg6pe\/UMtqCwTX7l\/n3W\/fZ+THixFFxaaW2tkajZvNIhIRzEnO80cy0ixdnY5pwQFCDOhKqwIudWzV85lIp6oYZ6hUK7PFZXz43cc0+0189Nxs3NrgvhBT3i4zaA+Jk1gQbNVzxMhM5TJ+\/PQHAAbjAS999cpGAgAEtuo57TsdnIhQrpbXqge4+sevjPyY7rAzW6uWq7z53Bv89PvPK8KA0lYJMV2cTS3IaZt5fP3bNxz3jgFIXcqZ6h5vP\/8WWKGW1Wj1W6c5ouJKDuMSi4ZNZXvAn9iE9154h\/9697l+fIO8lJG4ZOWZk64yYs1m+YAxhssvX+Lp3afI6hkXX\/\/ggeMN2ow1uE3Z+ezK5+xV97hw\/gIHkwN69NGpx9m5DQ5EwCzPmHlY48hLGX\/f\/oft7W2ySrZBzmlEH3HBh6JF57rotWdf5W7nHuUzFf6dHOCcXe9lTYrECH4ScH4UiljmLP8c\/MV4Mubx8RNYZ6f7a7BmS4zgRx6DwrA1WBiz1lmMWSr+umKuWhcY9cao12IW9Rr907d4Wdma\/3XB9e73QED2L5\/X6CP5YznZTjGPkkqKhkialjDGMB6M2KnWaHc71LcfRcQwGPapZjWu3b1G1AeNIiIMu0M6R53iBdy\/fF4BYojsnK3hSm61pIdE8IHGYbN4Rk\/G9Qlz+04bP\/YL9XhYiAjBR1q32sj0H5gjMIIqNG+1GLQH08WH8Vx8w+6Q5mETjRGZaxCj6M15EmMM3Xs9jm80GPfH2GRFR01tbWKZDD2Nwyado05R1Hlb1YZTjZ8g5ntB9meszqBB6Rx16d7r4UquGFzWIFLcUD8J+JFHffGWizVLqdVmjPrF\/xvBlgmmez\/pAAAAAElFTkSuQmCC","canChangeAppOrientation":false,"canReceiveFile":false,"pid":5854,"uid":10056,"action":"open"}}
04-14 09:11:58.994  5854  5854 E AndroidRuntime: FATAL EXCEPTION: main
04-14 09:11:58.994  5854  5854 E AndroidRuntime: Process: com.poi.fintrack, PID: 5854
04-14 09:11:58.994  5854  5854 E AndroidRuntime: java.lang.RuntimeException: Unable to instantiate activity ComponentInfo{com.poi.fintrack/com.yourname.fintrack.MainActivity}: java.lang.ClassNotFoundException: Didn't find class "com.yourname.fintrack.MainActivity" on path: DexPathList[[zip file "/data/app/~~n86jAr9aPyswNfLimbG5vQ==/com.poi.fintrack-03kg5C9n4c2s6c881TlK9w==/base.apk"],nativeLibraryDirectories=[/data/app/~~n86jAr9aPyswNfLimbG5vQ==/com.poi.fintrack-03kg5C9n4c2s6c881TlK9w==/lib/x86_64, /data/app/~~n86jAr9aPyswNfLimbG5vQ==/com.poi.fintrack-03kg5C9n4c2s6c881TlK9w==/base.apk!/lib/x86_64, /system/lib64, /system/system_ext/lib64, /system/product/lib64, /system/vendor/lib64]]
04-14 09:11:58.994  5854  5854 E AndroidRuntime: 	at android.app.ActivityThread.performLaunchActivity(ActivityThread.java:3663)
04-14 09:11:58.994  5854  5854 E AndroidRuntime: 	at android.app.ActivityThread.handleLaunchActivity(ActivityThread.java:3933)
04-14 09:11:58.994  5854  5854 E AndroidRuntime: 	at android.app.servertransaction.LaunchActivityItem.execute(LaunchActivityItem.java:103)
04-14 09:11:58.994  5854  5854 E AndroidRuntime: 	at android.app.servertransaction.TransactionExecutor.executeCallbacks(TransactionExecutor.java:135)
04-14 09:11:58.994  5854  5854 E AndroidRuntime: 	at android.app.servertransaction.TransactionExecutor.execute(TransactionExecutor.java:95)
04-14 09:11:58.994  5854  5854 E AndroidRuntime: 	at android.app.ActivityThread$H.handleMessage(ActivityThread.java:2296)
04-14 09:11:58.994  5854  5854 E AndroidRuntime: 	at android.os.Handler.dispatchMessage(Handler.java:106)
04-14 09:11:58.994  5854  5854 E AndroidRuntime: 	at android.os.Looper.loopOnce(Looper.java:201)
04-14 09:11:58.994  5854  5854 E AndroidRuntime: 	at android.os.Looper.loop(Looper.java:288)
04-14 09:11:58.994  5854  5854 E AndroidRuntime: 	at android.app.ActivityThread.main(ActivityThread.java:8062)
04-14 09:11:58.994  5854  5854 E AndroidRuntime: 	at java.lang.reflect.Method.invoke(Native Method)
04-14 09:11:58.994  5854  5854 E AndroidRuntime: 	at com.android.internal.os.RuntimeInit$MethodAndArgsCaller.run(RuntimeInit.java:571)
04-14 09:11:58.994  5854  5854 E AndroidRuntime: 	at com.android.internal.os.ZygoteInit.main(ZygoteInit.java:1091)
04-14 09:11:58.994  5854  5854 E AndroidRuntime: Caused by: java.lang.ClassNotFoundException: Didn't find class "com.yourname.fintrack.MainActivity" on path: DexPathList[[zip file "/data/app/~~n86jAr9aPyswNfLimbG5vQ==/com.poi.fintrack-03kg5C9n4c2s6c881TlK9w==/base.apk"],nativeLibraryDirectories=[/data/app/~~n86jAr9aPyswNfLimbG5vQ==/com.poi.fintrack-03kg5C9n4c2s6c881TlK9w==/lib/x86_64, /data/app/~~n86jAr9aPyswNfLimbG5vQ==/com.poi.fintrack-03kg5C9n4c2s6c881TlK9w==/base.apk!/lib/x86_64, /system/lib64, /system/system_ext/lib64, /system/product/lib64, /system/vendor/lib64]]
04-14 09:11:58.994  5854  5854 E AndroidRuntime: 	at dalvik.system.BaseDexClassLoader.findClass(BaseDexClassLoader.java:218)
04-14 09:11:58.994  5854  5854 E AndroidRuntime: 	at java.lang.ClassLoader.loadClass(ClassLoader.java:379)
04-14 09:11:58.994  5854  5854 E AndroidRuntime: 	at java.lang.ClassLoader.loadClass(ClassLoader.java:312)
04-14 09:11:58.994  5854  5854 E AndroidRuntime: 	at android.app.AppComponentFactory.instantiateActivity(AppComponentFactory.java:95)
04-14 09:11:58.994  5854  5854 E AndroidRuntime: 	at androidx.core.app.CoreComponentFactory.instantiateActivity(CoreComponentFactory.java:44)
04-14 09:11:58.994  5854  5854 E AndroidRuntime: 	at android.app.Instrumentation.newActivity(Instrumentation.java:1289)
04-14 09:11:58.994  5854  5854 E AndroidRuntime: 	at android.app.ActivityThread.performLaunchActivity(ActivityThread.java:3650)
04-14 09:11:58.994  5854  5854 E AndroidRuntime: 	... 12 more
04-14 09:11:58.996  1270  2000 W ActivityTaskManager:   Force finishing activity com.poi.fintrack/com.yourname.fintrack.MainActivity
04-14 09:11:59.031  1270  3386 I ActivityManager: Process com.poi.fintrack (pid 5854) has died: fg  TOP 
04-14 09:11:59.498  1270  1290 W ActivityTaskManager: Activity top resumed state loss timeout for ActivityRecord{c77f664 u0 com.poi.fintrack/com.yourname.fintrack.MainActivity t-1 f}}
04-14 09:12:05.499  1270  3300 I ActivityTaskManager: START u0 {act=android.settings.APPLICATION_DETAILS_SETTINGS dat=package:com.poi.fintrack flg=0x10008000 cmp=com.android.settings/.applications.InstalledAppDetails bnds=[167,530][499,616] (has extras)} from uid 10027, pid 1573
04-14 09:12:10.522  1270  3386 I ActivityManager: Force stopping com.poi.fintrack appid=10056 user=0: clear data
04-14 09:12:10.524  1270  1299 I ActivityManager: Force stopping com.poi.fintrack appid=10056 user=-1: clearApplicationUserData
04-14 09:12:13.603  1270  3386 E UserRestrictionsUtils: Unknown restriction queried by uid 1000 (com.android.settings et al): com.poi.fintrack
04-14 09:12:13.607  1270  3386 I ActivityTaskManager: START u0 {act=android.intent.action.UNINSTALL_PACKAGE dat=package:com.poi.fintrack cmp=com.android.packageinstaller/.UninstallerActivity (has extras)} from uid 1000, pid 4497
04-14 09:12:14.613  1270  1299 I ActivityManager: Force stopping com.poi.fintrack appid=10056 user=0: deletePackageX
04-14 09:12:14.634  1270  1319 I PackageManager: Removing permission com.poi.fintrack.DYNAMIC_RECEIVER_NOT_EXPORTED_PERMISSION that used to be declared by com.poi.fintrack
04-14 09:12:14.731  1270  1319 I ActivityManager: Force stopping com.poi.fintrack appid=10056 user=0: pkg removed
04-14 09:12:14.751  1270  1287 D CompanionDeviceManagerService: onPackageRemoved(packageName = com.poi.fintrack, uid = 10056)
04-14 09:12:14.751  1270  1364 V StorageManagerService: Package com.poi.fintrack does not have legacy storage
04-14 09:12:14.763  1270  1299 W BroadcastQueue: Background execution not allowed: receiving Intent { act=android.intent.action.PACKAGE_REMOVED dat=package:com.poi.fintrack flg=0x4000010 (has extras) } to com.android.gallery3d/.app.PackagesMonitor
04-14 09:12:14.763  1270  1299 W BroadcastQueue: Background execution not allowed: receiving Intent { act=android.intent.action.PACKAGE_REMOVED dat=package:com.poi.fintrack flg=0x4000010 (has extras) } to com.google.android.gms/.chimera.GmsIntentOperationService$PersistentTrustedReceiver
04-14 09:12:14.763  1270  1299 W BroadcastQueue: Background execution not allowed: receiving Intent { act=android.intent.action.PACKAGE_REMOVED dat=package:com.poi.fintrack flg=0x4000010 (has extras) } to com.google.android.gms/.games.chimera.GamesSystemBroadcastReceiverProxy
04-14 09:12:14.819  1270  1270 I GameManagerService: Disabling downscale for com.poi.fintrack
04-14 09:12:14.832  1270  1343 I RollbackManager: broadcast=ACTION_PACKAGE_FULLY_REMOVED pkg=com.poi.fintrack
04-14 09:12:14.848  1270  1270 I ConditionProviders: Disallowing condition provider com.poi.fintrack (userSet: true)
04-14 09:12:41.060  1270  3395 W ActivityManager: Invalid packageName: com.poi.fintrack
04-14 09:12:43.445  1270  1326 I NativeHelper: com.poi.fintrack use max number of library use abi:x86_64 index:0
04-14 09:12:43.450  1270  1319 I NativeHelper: com.poi.fintrack use max number of library use abi:x86_64 index:0
04-14 09:12:43.455  1270  1319 I NativeHelper: com.poi.fintrack use max number of library use abi:x86_64 index:0
04-14 09:12:43.463  1270  1319 I NativeHelper: com.poi.fintrack use max number of library use abi:x86_64 index:0
04-14 09:12:43.518  1270  1319 V BackupManagerService: [UserID:0] restoreAtInstall pkg=com.poi.fintrack token=7 restoreSet=0
04-14 09:12:43.521  1270  1319 I NativeHelper: com.poi.fintrack use max number of library use abi:x86_64 index:0
04-14 09:12:43.523  1270  1319 I NativeHelper: com.poi.fintrack use max number of library use abi:arm64-v8a index:0
04-14 09:12:43.525  1270  1319 I NativeHelper: com.poi.fintrack use max number of library use abi:armeabi-v7a index:0
04-14 09:12:43.565  1270  3386 W BroadcastQueue: Background execution not allowed: receiving Intent { act=android.intent.action.PACKAGE_ADDED dat=package:com.poi.fintrack flg=0x4000010 (has extras) } to com.android.packageinstaller/.PackageInstalledReceiver
04-14 09:12:43.566  1270  1299 W BroadcastQueue: Background execution not allowed: receiving Intent { act=android.intent.action.PACKAGE_ADDED dat=package:com.poi.fintrack flg=0x4000010 (has extras) } to com.android.gallery3d/.app.PackagesMonitor
04-14 09:12:43.566  1270  1299 W BroadcastQueue: Background execution not allowed: receiving Intent { act=android.intent.action.PACKAGE_ADDED dat=package:com.poi.fintrack flg=0x4000010 (has extras) } to com.google.android.gms/.chimera.GmsIntentOperationService$PersistentTrustedReceiver
04-14 09:12:43.566  1270  1299 W BroadcastQueue: Background execution not allowed: receiving Intent { act=android.intent.action.PACKAGE_ADDED dat=package:com.poi.fintrack flg=0x4000010 (has extras) } to com.google.android.gms/.games.chimera.GamesSystemBroadcastReceiverProxy
04-14 09:12:43.566  1270  1299 W BroadcastQueue: Background execution not allowed: receiving Intent { act=android.intent.action.PACKAGE_ADDED dat=package:com.poi.fintrack flg=0x4000010 (has extras) } to com.google.android.gms/.gass.chimera.PackageChangeBroadcastReceiver
04-14 09:12:43.658  1270  1299 W BroadcastQueue: Background execution not allowed: receiving Intent { act=android.intent.action.PACKAGE_CHANGED dat=package:com.poi.fintrack flg=0x4000010 (has extras) } to com.android.gallery3d/.app.PackagesMonitor
04-14 09:12:43.658  1270  1299 W BroadcastQueue: Background execution not allowed: receiving Intent { act=android.intent.action.PACKAGE_CHANGED dat=package:com.poi.fintrack flg=0x4000010 (has extras) } to com.google.android.gms/.chimera.GmsIntentOperationService$PersistentTrustedReceiver
04-14 09:12:43.660  1270  1287 D CompanionDeviceManagerService: onPackageModified(packageName = com.poi.fintrack)
