04-14 09:26:06.040  1035  1045 D nemuinit: start name: vapi, operation: {"uri":"/tools/inputdevice","method":"POST","params":{"action":"set_input_device_list","device":8,"packageName":"com.poi.fintrack","pid":7104,"uid":10058}}, id: 1203
04-14 09:26:06.040  1035  1045 D nemuinit: start name: vapi, operation: {"uri":"/tools/inputdevice","method":"POST","params":{"action":"set_input_device_list","device":8,"packageName":"com.poi.fintrack","pid":7104,"uid":10058}}, id: 1205
04-14 09:26:06.040  1035  1045 D nemuinit: start name: vapi, operation: {"uri":"/tools/inputdevice","method":"POST","params":{"action":"set_input_device_list","device":8,"packageName":"com.poi.fintrack","pid":7104,"uid":10058}}, id: 1207
04-14 09:26:06.042  1035  7125 D nemuinit: Proxy: use callback: 1419, handleNemuInitMessage, name: vapi, params: {"uri":"/tools/inputdevice","method":"POST","params":{"action":"set_input_device_list","device":8,"packageName":"com.poi.fintrack","pid":7104,"uid":10058}}, res: {"errcode":0,"message":"OK"}
04-14 09:26:06.043  1035  7131 D nemuinit: Proxy: use callback: 1419, handleNemuInitMessage, name: vapi, params: {"uri":"/tools/inputdevice","method":"POST","params":{"action":"set_input_device_list","device":8,"packageName":"com.poi.fintrack","pid":7104,"uid":10058}}, res: {"errcode":0,"message":"OK"}
04-14 09:26:06.045  1035  7127 D nemuinit: Proxy: use callback: 1419, handleNemuInitMessage, name: vapi, params: {"uri":"/tools/inputdevice","method":"POST","params":{"action":"set_input_device_list","device":8,"packageName":"com.poi.fintrack","pid":7104,"uid":10058}}, res: {"errcode":0,"message":"OK"}
04-14 09:26:06.046  1035  7129 D nemuinit: Proxy: use callback: 1419, handleNemuInitMessage, name: vapi, params: {"uri":"/tools/inputdevice","method":"POST","params":{"action":"set_input_device_list","device":8,"packageName":"com.poi.fintrack","pid":7104,"uid":10058}}, res: {"errcode":0,"message":"OK"}
04-14 09:26:06.048  1035  7124 D nemuinit: Proxy: use callback: 1419, handleNemuInitMessage, name: vapi, params: {"uri":"/tools/inputdevice","method":"POST","params":{"action":"set_input_device_list","device":8,"packageName":"com.poi.fintrack","pid":7104,"uid":10058}}, res: {"errcode":0,"message":"OK"}
04-14 09:26:06.165  7104  7104 V GraphicsEnvironment: ANGLE Developer option for 'com.poi.fintrack' set to: 'default'
04-14 09:26:06.166  7104  7104 V GraphicsEnvironment: ANGLE GameManagerService for com.poi.fintrack: false
04-14 09:26:06.179  7104  7104 D AndroidRuntime: Shutting down VM
04-14 09:26:06.180  7104  7104 E AndroidRuntime: FATAL EXCEPTION: main
04-14 09:26:06.180  7104  7104 E AndroidRuntime: Process: com.poi.fintrack, PID: 7104
04-14 09:26:06.180  7104  7104 E AndroidRuntime: java.lang.RuntimeException: Unable to instantiate activity ComponentInfo{com.poi.fintrack/com.yourname.fintrack.MainActivity}: java.lang.ClassNotFoundException: Didn't find class "com.yourname.fintrack.MainActivity" on path: DexPathList[[zip file "/data/app/~~1OhLY9OZcLrroP69G3SPng==/com.poi.fintrack-EAvr0owlATcQ02GgErV3QQ==/base.apk"],nativeLibraryDirectories=[/data/app/~~1OhLY9OZcLrroP69G3SPng==/com.poi.fintrack-EAvr0owlATcQ02GgErV3QQ==/lib/x86_64, /data/app/~~1OhLY9OZcLrroP69G3SPng==/com.poi.fintrack-EAvr0owlATcQ02GgErV3QQ==/base.apk!/lib/x86_64, /system/lib64, /system/system_ext/lib64, /system/product/lib64, /system/vendor/lib64]]
04-14 09:26:06.180  7104  7104 E AndroidRuntime: 	at android.app.ActivityThread.performLaunchActivity(ActivityThread.java:3663)
04-14 09:26:06.180  7104  7104 E AndroidRuntime: 	at android.app.ActivityThread.handleLaunchActivity(ActivityThread.java:3933)
04-14 09:26:06.180  7104  7104 E AndroidRuntime: 	at android.app.servertransaction.LaunchActivityItem.execute(LaunchActivityItem.java:103)
04-14 09:26:06.180  7104  7104 E AndroidRuntime: 	at android.app.servertransaction.TransactionExecutor.executeCallbacks(TransactionExecutor.java:135)
04-14 09:26:06.180  7104  7104 E AndroidRuntime: 	at android.app.servertransaction.TransactionExecutor.execute(TransactionExecutor.java:95)
04-14 09:26:06.180  7104  7104 E AndroidRuntime: 	at android.app.ActivityThread$H.handleMessage(ActivityThread.java:2296)
04-14 09:26:06.180  7104  7104 E AndroidRuntime: 	at android.os.Handler.dispatchMessage(Handler.java:106)
04-14 09:26:06.180  7104  7104 E AndroidRuntime: 	at android.os.Looper.loopOnce(Looper.java:201)
04-14 09:26:06.180  7104  7104 E AndroidRuntime: 	at android.os.Looper.loop(Looper.java:288)
04-14 09:26:06.180  7104  7104 E AndroidRuntime: 	at android.app.ActivityThread.main(ActivityThread.java:8062)
04-14 09:26:06.180  7104  7104 E AndroidRuntime: 	at java.lang.reflect.Method.invoke(Native Method)
04-14 09:26:06.180  7104  7104 E AndroidRuntime: 	at com.android.internal.os.RuntimeInit$MethodAndArgsCaller.run(RuntimeInit.java:571)
04-14 09:26:06.180  7104  7104 E AndroidRuntime: 	at com.android.internal.os.ZygoteInit.main(ZygoteInit.java:1091)
04-14 09:26:06.180  7104  7104 E AndroidRuntime: Caused by: java.lang.ClassNotFoundException: Didn't find class "com.yourname.fintrack.MainActivity" on path: DexPathList[[zip file "/data/app/~~1OhLY9OZcLrroP69G3SPng==/com.poi.fintrack-EAvr0owlATcQ02GgErV3QQ==/base.apk"],nativeLibraryDirectories=[/data/app/~~1OhLY9OZcLrroP69G3SPng==/com.poi.fintrack-EAvr0owlATcQ02GgErV3QQ==/lib/x86_64, /data/app/~~1OhLY9OZcLrroP69G3SPng==/com.poi.fintrack-EAvr0owlATcQ02GgErV3QQ==/base.apk!/lib/x86_64, /system/lib64, /system/system_ext/lib64, /system/product/lib64, /system/vendor/lib64]]
04-14 09:26:06.180  7104  7104 E AndroidRuntime: 	at dalvik.system.BaseDexClassLoader.findClass(BaseDexClassLoader.java:218)
04-14 09:26:06.180  7104  7104 E AndroidRuntime: 	at java.lang.ClassLoader.loadClass(ClassLoader.java:379)
04-14 09:26:06.180  7104  7104 E AndroidRuntime: 	at java.lang.ClassLoader.loadClass(ClassLoader.java:312)
04-14 09:26:06.180  7104  7104 E AndroidRuntime: 	at android.app.AppComponentFactory.instantiateActivity(AppComponentFactory.java:95)
04-14 09:26:06.180  7104  7104 E AndroidRuntime: 	at androidx.core.app.CoreComponentFactory.instantiateActivity(CoreComponentFactory.java:44)
04-14 09:26:06.180  7104  7104 E AndroidRuntime: 	at android.app.Instrumentation.newActivity(Instrumentation.java:1289)
04-14 09:26:06.180  7104  7104 E AndroidRuntime: 	at android.app.ActivityThread.performLaunchActivity(ActivityThread.java:3650)
04-14 09:26:06.180  7104  7104 E AndroidRuntime: 	... 12 more
04-14 09:26:06.181  1270  3389 W ActivityTaskManager:   Force finishing activity com.poi.fintrack/com.yourname.fintrack.MainActivity
04-14 09:26:06.215  1270  5645 I ActivityManager: Process com.poi.fintrack (pid 7104) has died: fg  TOP 
04-14 09:26:06.252  1270  1291 W InputManager-JNI: Input channel object '37e29dd Splash Screen com.poi.fintrack (client)' was disposed without first being removed with the input manager!
04-14 09:26:06.263  1419  1419 D Watchdog: ignore events AppExit: {"app_name":"fintrack","app_package":"com.poi.fintrack","event_duration":0,"failure_reason":"","status_code":0}
04-14 09:26:06.264  1419  1938 D Watchdog: upload event: {"architecture":"x86_64","channel":"gw-overseas12","country":"en-ID","engine":"NEMUX","fchannel":"gw-overseas12","language":"en","mpid":"0","package":"mumu","product":"MuMu5.0","product_version":"5.15.2.2805","usage":"1","uuid":"c6cdbde6-42d8-4f1e-ba1e-06a0d6d1984a","version":"5.15.2.2805","x":{"app_elapse":0,"app_name":"fintrack","app_package":"com.poi.fintrack","error":{"code":0,"msg":"ok"},"extra":{"amp_name":"fintrack","ampid":0,"is_remote_control":-1},"token":"055f1201-f05b-45df-b2d8-c25fffb7c19f"}}	type: ExitAPP	sign: WvOxEZvQvM7DHbx/AhlpmfYTr+c=	uid: 1000	json:{"app_elapse":0,"app_name":"fintrack","app_package":"com.poi.fintrack","error":{"code":0,"msg":"ok"},"extra":{"amp_name":"fintrack","ampid":0,"is_remote_control":-1},"token":"055f1201-f05b-45df-b2d8-c25fffb7c19f"}
04-14 09:26:06.265  1035  7140 D nemuinit: Proxy: use callback: 1419, handleNemuInitMessage, name: vapi, params: {"uri":"/apps","method":"GET","params":{}}, res: {"errcode":0,"message":"OK","return":{"active":"app.lawnchair","installed":[{"appName":"matchapro-mobile1","packageName":"com.matchapro.app","version":"1.0","versionCode":1},{"appName":"Si-SHK Mobile","packageName":"com.example.si_shk_app_bps1471","version":"1.0.0","versionCode":1},{"appName":"si_hkbps1471","packageName":"com.example.si_hkbps1471","version":"1.0.0","versionCode":1},{"appName":"fintrack","packageName":"com.poi.fintrack","version":"1.0.0","versionCode":1}],"recent":[]}}
04-14 09:26:06.435  1270  3385 I ActivityTaskManager: START u0 {act=android.intent.action.MAIN cat=[android.intent.category.LAUNCHER] flg=0x10200000 cmp=com.poi.fintrack/com.yourname.fintrack.MainActivity bnds=[89,312][326,503]} from uid 10027, pid 1573
04-14 09:26:06.436  1270  3385 I ActivityTaskManager: [KeepAlive] disabled for com.poi.fintrack
04-14 09:26:06.448  1270  1300 I ActivityManager: Start proc 7151:com.poi.fintrack/u0a58 for pre-top-activity {com.poi.fintrack/com.yourname.fintrack.MainActivity}
04-14 09:26:06.449  7151  7151 I Zygote  : fakeProductInfoIfNeed callded! com.poi.fintrack
04-14 09:26:06.449  7151  7151 I Zygote  : fake Product info com.poi.fintrack not matched any pattern
04-14 09:26:06.449  7151  7151 I Zygote  : fakeProductInfoFromProperties callded! com.poi.fintrack
04-14 09:26:06.460  7151  7151 I om.poi.fintrac: type=1400 audit(0.0:13663): avc: denied { sendto } for path="/dev/socket/logdw" scontext=u:r:untrusted_app:s0:c58,c256,c512,c768 tcontext=u:r:init:s0 tclass=unix_dgram_socket permissive=1 app=com.poi.fintrack
04-14 09:26:06.474  7151  7151 V libnb   : enter native_bridge2_initialize /data/user/0/com.poi.fintrack/code_cache arm64
04-14 09:26:06.480  7151  7151 W HP      : x_initialize private_dir:/data/user/0/com.poi.fintrack/code_cache instruction_set:arm64 getMethodShorty:0x714abaf3c340 ret:1
04-14 09:26:06.486  7151  7151 I re-initialized>: type=1400 audit(0.0:13664): avc: denied { call } for scontext=u:r:untrusted_app:s0:c58,c256,c512,c768 tcontext=u:r:init:s0 tclass=binder permissive=1 app=com.poi.fintrack
04-14 09:26:06.501  1270  1290 D RecentTaskMonitor: VAddressShellNotifier#notifyOpenTab :{"uri":"player\/tab","need_response":false,"params":{"id":"task:69","displayId":0,"userId":0,"name":"fintrack","originName":"fintrack","packageName":"com.poi.fintrack","launcher":false,"newTask":true,"icon":"iVBORw0KGgoAAAANSUhEUgAAABgAAAAYCAYAAADgdz34AAAAAXNSR0IArs4c6QAAAARzQklUCAgICHwIZIgAAAOOSURBVEiJjZXLi1xFFMZ\/p6ru7e57Z7pHW2ZCRk1QxFXciKCC6EYU3fpAQqKoC0EQ\/CPcCa7cqWCWunMR\/Rtc+toJk2TymMRMv99VdVzcnk53T3eTD+7iVp0633cedUr2Lu6\/aG1yReAZ5qCqqCoigkstNrGINQgQgxImAT\/2aCxsxAhL5+\/GGD6Ss5fOHYjIufnN6CPGGfJ6RlbLUFViiAsOxArGGAatAb3jPmEcECuIyDzJkQOenC1ERVHyekalWkGMEHxgFTQoIQRKeYk0Sxm0h\/SOe6DMohHYdTKl1KggUN2tUspTNCp5muOsXXDsQ6A76i6kEiDbqZCWE1q3W0XajICIuJkhSm2vSlJOCjLg6pe\/UMtqCwTX7l\/n3W\/fZ+THixFFxaaW2tkajZvNIhIRzEnO80cy0ixdnY5pwQFCDOhKqwIudWzV85lIp6oYZ6hUK7PFZXz43cc0+0189Nxs3NrgvhBT3i4zaA+Jk1gQbNVzxMhM5TJ+\/PQHAAbjAS999cpGAgAEtuo57TsdnIhQrpbXqge4+sevjPyY7rAzW6uWq7z53Bv89PvPK8KA0lYJMV2cTS3IaZt5fP3bNxz3jgFIXcqZ6h5vP\/8WWKGW1Wj1W6c5ouJKDuMSi4ZNZXvAn9iE9154h\/9697l+fIO8lJG4ZOWZk64yYs1m+YAxhssvX+Lp3afI6hkXX\/\/ggeMN2ow1uE3Z+ezK5+xV97hw\/gIHkwN69NGpx9m5DQ5EwCzPmHlY48hLGX\/f\/oft7W2ySrZBzmlEH3HBh6JF57rotWdf5W7nHuUzFf6dHOCcXe9lTYrECH4ScH4UiljmLP8c\/MV4Mubx8RNYZ6f7a7BmS4zgRx6DwrA1WBiz1lmMWSr+umKuWhcY9cao12IW9Rr907d4Wdma\/3XB9e73QED2L5\/X6CP5YznZTjGPkkqKhkialjDGMB6M2KnWaHc71LcfRcQwGPapZjWu3b1G1AeNIiIMu0M6R53iBdy\/fF4BYojsnK3hSm61pIdE8IHGYbN4Rk\/G9Qlz+04bP\/YL9XhYiAjBR1q32sj0H5gjMIIqNG+1GLQH08WH8Vx8w+6Q5mETjRGZaxCj6M15EmMM3Xs9jm80GPfH2GRFR01tbWKZDD2Nwyado05R1Hlb1YZTjZ8g5ntB9meszqBB6Rx16d7r4UquGFzWIFLcUD8J+JFHffGWizVLqdVmjPrF\/xvBlgmmez\/pAAAAAElFTkSuQmCC","canChangeAppOrientation":false,"canReceiveFile":false,"pid":7151,"uid":10058,"action":"open"}}
04-14 09:26:06.520  7151  7151 D NemuJavaHotPatchHelper: onHandleBindApplication reportedPackageName:com.poi.fintrack isMatchJavaPatch:false
04-14 09:26:06.629  1035  1045 D nemuinit: start name: vapi, operation: {"uri":"/tools/inputdevice","method":"POST","params":{"action":"set_input_device_list","device":8,"packageName":"com.poi.fintrack","pid":7151,"uid":10058}}, id: 1221
04-14 09:26:06.630  1035  1045 D nemuinit: start name: vapi, operation: {"uri":"/tools/inputdevice","method":"POST","params":{"action":"set_input_device_list","device":8,"packageName":"com.poi.fintrack","pid":7151,"uid":10058}}, id: 1223
04-14 09:26:06.631  1035  7170 D nemuinit: Proxy: use callback: 1419, handleNemuInitMessage, name: vapi, params: {"uri":"/tools/inputdevice","method":"POST","params":{"action":"set_input_device_list","device":8,"packageName":"com.poi.fintrack","pid":7151,"uid":10058}}, res: {"errcode":0,"message":"OK"}
04-14 09:26:06.631  1035  1045 D nemuinit: start name: vapi, operation: {"uri":"/tools/inputdevice","method":"POST","params":{"action":"set_input_device_list","device":8,"packageName":"com.poi.fintrack","pid":7151,"uid":10058}}, id: 1224
04-14 09:26:06.633  1035  1045 D nemuinit: start name: vapi, operation: {"uri":"/tools/inputdevice","method":"POST","params":{"action":"set_input_device_list","device":8,"packageName":"com.poi.fintrack","pid":7151,"uid":10058}}, id: 1226
04-14 09:26:06.634  1035  1045 D nemuinit: start name: vapi, operation: {"uri":"/tools/inputdevice","method":"POST","params":{"action":"set_input_device_list","device":8,"packageName":"com.poi.fintrack","pid":7151,"uid":10058}}, id: 1228
04-14 09:26:06.634  1035  1045 D nemuinit: start name: vapi, operation: {"uri":"/tools/inputdevice","method":"POST","params":{"action":"set_input_device_list","device":8,"packageName":"com.poi.fintrack","pid":7151,"uid":10058}}, id: 1230
04-14 09:26:06.635  1035  7173 D nemuinit: Proxy: use callback: 1419, handleNemuInitMessage, name: vapi, params: {"uri":"/tools/inputdevice","method":"POST","params":{"action":"set_input_device_list","device":8,"packageName":"com.poi.fintrack","pid":7151,"uid":10058}}, res: {"errcode":0,"message":"OK"}
04-14 09:26:06.636  1035  7179 D nemuinit: Proxy: use callback: 1419, handleNemuInitMessage, name: vapi, params: {"uri":"/tools/inputdevice","method":"POST","params":{"action":"set_input_device_list","device":8,"packageName":"com.poi.fintrack","pid":7151,"uid":10058}}, res: {"errcode":0,"message":"OK"}
04-14 09:26:06.637  1035  7172 D nemuinit: Proxy: use callback: 1419, handleNemuInitMessage, name: vapi, params: {"uri":"/tools/inputdevice","method":"POST","params":{"action":"set_input_device_list","device":8,"packageName":"com.poi.fintrack","pid":7151,"uid":10058}}, res: {"errcode":0,"message":"OK"}
04-14 09:26:06.640  1035  7177 D nemuinit: Proxy: use callback: 1419, handleNemuInitMessage, name: vapi, params: {"uri":"/tools/inputdevice","method":"POST","params":{"action":"set_input_device_list","device":8,"packageName":"com.poi.fintrack","pid":7151,"uid":10058}}, res: {"errcode":0,"message":"OK"}
04-14 09:26:06.641  1035  7175 D nemuinit: Proxy: use callback: 1419, handleNemuInitMessage, name: vapi, params: {"uri":"/tools/inputdevice","method":"POST","params":{"action":"set_input_device_list","device":8,"packageName":"com.poi.fintrack","pid":7151,"uid":10058}}, res: {"errcode":0,"message":"OK"}
04-14 09:26:06.684  1270  1290 W ActivityTaskManager: Activity top resumed state loss timeout for ActivityRecord{50896c6 u0 com.poi.fintrack/com.yourname.fintrack.MainActivity t-1 f}}
04-14 09:26:06.752  7151  7151 V GraphicsEnvironment: ANGLE Developer option for 'com.poi.fintrack' set to: 'default'
04-14 09:26:06.753  7151  7151 V GraphicsEnvironment: ANGLE GameManagerService for com.poi.fintrack: false
04-14 09:26:06.771  7151  7151 D AndroidRuntime: Shutting down VM
04-14 09:26:06.771  7151  7151 E AndroidRuntime: FATAL EXCEPTION: main
04-14 09:26:06.771  7151  7151 E AndroidRuntime: Process: com.poi.fintrack, PID: 7151
04-14 09:26:06.771  7151  7151 E AndroidRuntime: java.lang.RuntimeException: Unable to instantiate activity ComponentInfo{com.poi.fintrack/com.yourname.fintrack.MainActivity}: java.lang.ClassNotFoundException: Didn't find class "com.yourname.fintrack.MainActivity" on path: DexPathList[[zip file "/data/app/~~1OhLY9OZcLrroP69G3SPng==/com.poi.fintrack-EAvr0owlATcQ02GgErV3QQ==/base.apk"],nativeLibraryDirectories=[/data/app/~~1OhLY9OZcLrroP69G3SPng==/com.poi.fintrack-EAvr0owlATcQ02GgErV3QQ==/lib/x86_64, /data/app/~~1OhLY9OZcLrroP69G3SPng==/com.poi.fintrack-EAvr0owlATcQ02GgErV3QQ==/base.apk!/lib/x86_64, /system/lib64, /system/system_ext/lib64, /system/product/lib64, /system/vendor/lib64]]
04-14 09:26:06.771  7151  7151 E AndroidRuntime: 	at android.app.ActivityThread.performLaunchActivity(ActivityThread.java:3663)
04-14 09:26:06.771  7151  7151 E AndroidRuntime: 	at android.app.ActivityThread.handleLaunchActivity(ActivityThread.java:3933)
04-14 09:26:06.771  7151  7151 E AndroidRuntime: 	at android.app.servertransaction.LaunchActivityItem.execute(LaunchActivityItem.java:103)
04-14 09:26:06.771  7151  7151 E AndroidRuntime: 	at android.app.servertransaction.TransactionExecutor.executeCallbacks(TransactionExecutor.java:135)
04-14 09:26:06.771  7151  7151 E AndroidRuntime: 	at android.app.servertransaction.TransactionExecutor.execute(TransactionExecutor.java:95)
04-14 09:26:06.771  7151  7151 E AndroidRuntime: 	at android.app.ActivityThread$H.handleMessage(ActivityThread.java:2296)
04-14 09:26:06.771  7151  7151 E AndroidRuntime: 	at android.os.Handler.dispatchMessage(Handler.java:106)
04-14 09:26:06.771  7151  7151 E AndroidRuntime: 	at android.os.Looper.loopOnce(Looper.java:201)
04-14 09:26:06.771  7151  7151 E AndroidRuntime: 	at android.os.Looper.loop(Looper.java:288)
04-14 09:26:06.771  7151  7151 E AndroidRuntime: 	at android.app.ActivityThread.main(ActivityThread.java:8062)
04-14 09:26:06.771  7151  7151 E AndroidRuntime: 	at java.lang.reflect.Method.invoke(Native Method)
04-14 09:26:06.771  7151  7151 E AndroidRuntime: 	at com.android.internal.os.RuntimeInit$MethodAndArgsCaller.run(RuntimeInit.java:571)
04-14 09:26:06.771  7151  7151 E AndroidRuntime: 	at com.android.internal.os.ZygoteInit.main(ZygoteInit.java:1091)
04-14 09:26:06.771  7151  7151 E AndroidRuntime: Caused by: java.lang.ClassNotFoundException: Didn't find class "com.yourname.fintrack.MainActivity" on path: DexPathList[[zip file "/data/app/~~1OhLY9OZcLrroP69G3SPng==/com.poi.fintrack-EAvr0owlATcQ02GgErV3QQ==/base.apk"],nativeLibraryDirectories=[/data/app/~~1OhLY9OZcLrroP69G3SPng==/com.poi.fintrack-EAvr0owlATcQ02GgErV3QQ==/lib/x86_64, /data/app/~~1OhLY9OZcLrroP69G3SPng==/com.poi.fintrack-EAvr0owlATcQ02GgErV3QQ==/base.apk!/lib/x86_64, /system/lib64, /system/system_ext/lib64, /system/product/lib64, /system/vendor/lib64]]
04-14 09:26:06.771  7151  7151 E AndroidRuntime: 	at dalvik.system.BaseDexClassLoader.findClass(BaseDexClassLoader.java:218)
04-14 09:26:06.771  7151  7151 E AndroidRuntime: 	at java.lang.ClassLoader.loadClass(ClassLoader.java:379)
04-14 09:26:06.771  7151  7151 E AndroidRuntime: 	at java.lang.ClassLoader.loadClass(ClassLoader.java:312)
04-14 09:26:06.771  7151  7151 E AndroidRuntime: 	at android.app.AppComponentFactory.instantiateActivity(AppComponentFactory.java:95)
04-14 09:26:06.771  7151  7151 E AndroidRuntime: 	at androidx.core.app.CoreComponentFactory.instantiateActivity(CoreComponentFactory.java:44)
04-14 09:26:06.771  7151  7151 E AndroidRuntime: 	at android.app.Instrumentation.newActivity(Instrumentation.java:1289)
04-14 09:26:06.771  7151  7151 E AndroidRuntime: 	at android.app.ActivityThread.performLaunchActivity(ActivityThread.java:3650)
04-14 09:26:06.771  7151  7151 E AndroidRuntime: 	... 12 more
04-14 09:26:06.774  1270  3385 W ActivityTaskManager:   Force finishing activity com.poi.fintrack/com.yourname.fintrack.MainActivity
04-14 09:26:06.805  1270  3389 I ActivityManager: Process com.poi.fintrack (pid 7151) has died: fg  TOP 
04-14 09:26:06.829  1270  1291 W InputManager-JNI: Input channel object 'efd67c3 Splash Screen com.poi.fintrack (client)' was disposed without first being removed with the input manager!
04-14 09:26:06.840  1419  1419 D Watchdog: ignore events AppExit: {"app_name":"fintrack","app_package":"com.poi.fintrack","event_duration":0,"failure_reason":"","status_code":0}
04-14 09:26:06.841  1419  1938 D Watchdog: upload event: {"architecture":"x86_64","channel":"gw-overseas12","country":"en-ID","engine":"NEMUX","fchannel":"gw-overseas12","language":"en","mpid":"0","package":"mumu","product":"MuMu5.0","product_version":"5.15.2.2805","usage":"1","uuid":"c6cdbde6-42d8-4f1e-ba1e-06a0d6d1984a","version":"5.15.2.2805","x":{"app_elapse":0,"app_name":"fintrack","app_package":"com.poi.fintrack","error":{"code":0,"msg":"ok"},"extra":{"amp_name":"fintrack","ampid":0,"is_remote_control":-1},"token":"055f1201-f05b-45df-b2d8-c25fffb7c19f"}}	type: ExitAPP	sign: WvOxEZvQvM7DHbx/AhlpmfYTr+c=	uid: 1000	json:{"app_elapse":0,"app_name":"fintrack","app_package":"com.poi.fintrack","error":{"code":0,"msg":"ok"},"extra":{"amp_name":"fintrack","ampid":0,"is_remote_control":-1},"token":"055f1201-f05b-45df-b2d8-c25fffb7c19f"}
04-14 09:26:06.845  1035  7188 D nemuinit: Proxy: use callback: 1419, handleNemuInitMessage, name: vapi, params: {"uri":"/apps","method":"GET","params":{}}, res: {"errcode":0,"message":"OK","return":{"active":"app.lawnchair","installed":[{"appName":"matchapro-mobile1","packageName":"com.matchapro.app","version":"1.0","versionCode":1},{"appName":"Si-SHK Mobile","packageName":"com.example.si_shk_app_bps1471","version":"1.0.0","versionCode":1},{"appName":"si_hkbps1471","packageName":"com.example.si_hkbps1471","version":"1.0.0","versionCode":1},{"appName":"fintrack","packageName":"com.poi.fintrack","version":"1.0.0","versionCode":1}],"recent":[]}}
04-14 09:26:07.275  1270  1290 W ActivityTaskManager: Activity top resumed state loss timeout for ActivityRecord{b2b52d4 u0 com.poi.fintrack/com.yourname.fintrack.MainActivity t-1 f}}
04-14 09:26:11.101  1270  3389 I ActivityTaskManager: START u0 {act=android.intent.action.DELETE dat=package:com.poi.fintrack flg=0x10800000 cmp=com.android.packageinstaller/.UninstallerActivity bnds=[167,619][499,705] (has extras)} from uid 10027, pid 1573
04-14 09:26:12.361  3332  3332 I UninstallerActivity: Uninstalling extras=Bundle[{com.android.packageinstaller.extra.APP_LABEL=fintrack, com.android.packageinstaller.applicationInfo=ApplicationInfo{ab172c3 com.poi.fintrack}, android.intent.extra.UNINSTALL_ALL_USERS=false, com.android.packageinstaller.extra.UNINSTALL_ID=-2147483642}]
04-14 09:26:12.362  1270  1299 I ActivityManager: Force stopping com.poi.fintrack appid=10058 user=0: deletePackageX
04-14 09:26:12.383  1133  1133 I Binder:1133_2: type=1400 audit(0.0:13684): avc: denied { read } for name="com.poi.fintrack" dev="sdc3" ino=4456695 scontext=u:r:init:s0 tcontext=u:object_r:app_data_file:s0:c58,c256,c512,c768 tclass=dir permissive=1
04-14 09:26:12.390  1133  1133 I Binder:1133_2: type=1400 audit(0.0:13685): avc: denied { open } for path="/data/data/com.poi.fintrack" dev="sdc3" ino=4456695 scontext=u:r:init:s0 tcontext=u:object_r:app_data_file:s0:c58,c256,c512,c768 tclass=dir permissive=1
04-14 09:26:12.390  1133  1133 I Binder:1133_2: type=1400 audit(0.0:13686): avc: denied { search } for name="com.poi.fintrack" dev="sdc3" ino=4456695 scontext=u:r:init:s0 tcontext=u:object_r:app_data_file:s0:c58,c256,c512,c768 tclass=dir permissive=1
04-14 09:26:12.406  1270  1319 I PackageManager: Removing permission com.poi.fintrack.DYNAMIC_RECEIVER_NOT_EXPORTED_PERMISSION that used to be declared by com.poi.fintrack
04-14 09:26:12.492  1270  1319 I ActivityManager: Force stopping com.poi.fintrack appid=10058 user=0: pkg removed
04-14 09:26:12.493  3332  3332 I UninstallFinish: Uninstall finished extras=Bundle[{android.content.pm.extra.STATUS=0, android.content.pm.extra.PACKAGE_NAME=com.poi.fintrack, com.android.packageinstaller.extra.APP_LABEL=fintrack, com.android.packageinstaller.applicationInfo=ApplicationInfo{eae781f com.poi.fintrack}, android.intent.extra.UNINSTALL_ALL_USERS=false, android.content.pm.extra.LEGACY_STATUS=1, com.android.packageinstaller.extra.UNINSTALL_ID=-2147483642, android.content.pm.extra.STATUS_MESSAGE=DELETE_SUCCEEDED}]
04-14 09:26:12.507  2163  2163 I MediaProvider: Invalidating LocalCallingIdentity cache for package com.poi.fintrack. Reason: package android.intent.action.PACKAGE_REMOVED
04-14 09:26:12.512  1270  1287 D CompanionDeviceManagerService: onPackageRemoved(packageName = com.poi.fintrack, uid = 10058)
04-14 09:26:12.512  1270  1364 V StorageManagerService: Package com.poi.fintrack does not have legacy storage
04-14 09:26:12.512  1419  1882 D Watchdog: ignore events AppUninstall: {"app_name":"fintrack","app_package":"com.poi.fintrack","event_duration":0,"failure_reason":"","status_code":0}
04-14 09:26:12.513  1270  1343 I RollbackManager: broadcast=ACTION_PACKAGE_FULLY_REMOVED pkg=com.poi.fintrack
04-14 09:26:12.513  1270  1299 W BroadcastQueue: Background execution not allowed: receiving Intent { act=android.intent.action.PACKAGE_REMOVED dat=package:com.poi.fintrack flg=0x4000010 (has extras) } to com.android.gallery3d/.app.PackagesMonitor
04-14 09:26:12.514  1419  1938 D Watchdog: upload event: {"architecture":"x86_64","channel":"gw-overseas12","country":"en-ID","engine":"NEMUX","fchannel":"gw-overseas12","language":"en","mpid":"0","package":"mumu","product":"MuMu5.0","product_version":"5.15.2.2805","usage":"1","uuid":"c6cdbde6-42d8-4f1e-ba1e-06a0d6d1984a","version":"5.15.2.2805","x":{"app_name":"fintrack","app_package":"com.poi.fintrack","app_version_code":1,"app_version_name":"1.0.0","error":{"code":0,"msg":"ok"},"extra":{"amp_name":"fintrack","ampid":0,"is_remote_control":-1},"token":"055f1201-f05b-45df-b2d8-c25fffb7c19f"}}	type: UninstallAPP	sign: D+/xckD8t6C6RloGKVMlaltyVhg=	uid: 1000	json:{"app_name":"fintrack","app_package":"com.poi.fintrack","app_version_code":1,"app_version_name":"1.0.0","error":{"code":0,"msg":"ok"},"extra":{"amp_name":"fintrack","ampid":0,"is_remote_control":-1},"token":"055f1201-f05b-45df-b2d8-c25fffb7c19f"}
04-14 09:26:12.518  1270  1299 W BroadcastQueue: Background execution not allowed: receiving Intent { act=android.intent.action.PACKAGE_REMOVED dat=package:com.poi.fintrack flg=0x4000010 (has extras) } to com.google.android.gms/.chimera.GmsIntentOperationService$PersistentTrustedReceiver
04-14 09:26:12.518  1270  1299 W BroadcastQueue: Background execution not allowed: receiving Intent { act=android.intent.action.PACKAGE_REMOVED dat=package:com.poi.fintrack flg=0x4000010 (has extras) } to com.google.android.gms/.games.chimera.GamesSystemBroadcastReceiverProxy
04-14 09:26:12.545  1270  1270 W WifiService: Couldn't get PackageInfo for package:com.poi.fintrack
04-14 09:26:12.545  1270  1270 D WifiService: Remove settings for package:com.poi.fintrack
04-14 09:26:12.546  1270  1270 I GameManagerService: Disabling downscale for com.poi.fintrack
04-14 09:26:12.547  1270  1373 D WifiConfigManager: Remove all networks for app ApplicationInfo{8db6ba com.poi.fintrack}
04-14 09:26:12.569  1270  1270 W WifiService: Couldn't get PackageInfo for package:com.poi.fintrack
04-14 09:26:12.569  1270  1270 D WifiService: Remove settings for package:com.poi.fintrack
04-14 09:26:12.569  1270  1270 I ConditionProviders: Disallowing condition provider com.poi.fintrack (userSet: true)
04-14 09:26:12.575  2163  2476 I MediaProvider: Begin Intent { act=android.intent.action.PACKAGE_FULLY_REMOVED dat=package:com.poi.fintrack flg=0x5000010 cmp=com.android.providers.media.module/com.android.providers.media.MediaService (has extras) }
04-14 09:26:12.576  2163  2476 D MediaProvider: Deleted 0 Android/media items belonging to com.poi.fintrack on /data/user/0/com.android.providers.media.module/databases/external.db
04-14 09:26:12.582  2163  2476 I MediaProvider: End Intent { act=android.intent.action.PACKAGE_FULLY_REMOVED dat=package:com.poi.fintrack flg=0x5000010 cmp=com.android.providers.media.module/com.android.providers.media.MediaService (has extras) }
04-14 09:26:12.588  1270  1373 I PasspointManager: No app ops listener found for com.poi.fintrack
04-14 09:26:12.588  1270  1373 D WifiConfigManager: Remove all networks for app ApplicationInfo{2c2970c com.poi.fintrack}
04-14 09:26:12.600  1270  1373 I PasspointManager: No app ops listener found for com.poi.fintrack
04-14 09:26:12.605  2253  7220 W RWIPackageIntentOps: Registries cleared for package: com.poi.fintrack
04-14 09:26:12.630  2253  6866 I Icing   : doRemovePackageData com.poi.fintrack
04-14 09:26:12.649  2253  7224 W SQLiteLog: (28) double-quoted string literal: "com.poi.fintrack"
04-14 09:26:12.844  1573  1573 D Launcher.Model: package removed received com.poi.fintrack
04-14 09:26:12.854  1573  1664 D PackageUpdatedTask: Removing app iconcom.poi.fintrack
04-14 09:26:12.862  1573  1664 D ModelWriter: removing items from db com.poi.fintrack
04-14 09:31:43.684  1035  1045 D nemuinit: Yang diubah: Nama package di baris paling atas (dari com.example.fintrack menjadi com.poi.fintrack) dan bagian android:theme di dalam <activity>.
04-14 09:31:43.685  1035  7272 D nemuinit: Yang diubah: Nama package di baris paling atas (dari com.example.fintrack menjadi com.poi.fintrack) dan bagian android:theme di dalam <activity>.
04-14 09:31:43.686  1035  7272 D nemuinit: Yang diubah: Nama package di baris paling atas (dari com.example.fintrack menjadi com.poi.fintrack) dan bagian android:theme di dalam <activity>.
04-14 09:34:46.214  1270  1448 W ActivityManager: Invalid packageName: com.poi.fintrack
04-14 09:34:49.962  1270  1326 I NativeHelper: com.poi.fintrack use max number of library use abi:x86_64 index:0
04-14 09:34:49.967  1270  1319 I NativeHelper: com.poi.fintrack use max number of library use abi:x86_64 index:0
04-14 09:34:49.969  1270  1319 I NativeHelper: com.poi.fintrack use max number of library use abi:x86_64 index:0
04-14 09:34:49.977  1270  1319 I NativeHelper: com.poi.fintrack use max number of library use abi:x86_64 index:0
04-14 09:34:50.011  1270  1319 V BackupManagerService: [UserID:0] restoreAtInstall pkg=com.poi.fintrack token=a restoreSet=0
04-14 09:34:50.016  1270  1319 I NativeHelper: com.poi.fintrack use max number of library use abi:x86_64 index:0
04-14 09:34:50.021  1270  1319 I NativeHelper: com.poi.fintrack use max number of library use abi:arm64-v8a index:0
04-14 09:34:50.023  1270  1319 I NativeHelper: com.poi.fintrack use max number of library use abi:armeabi-v7a index:0
04-14 09:34:50.033  2163  2163 I MediaProvider: Invalidating LocalCallingIdentity cache for package com.poi.fintrack. Reason: package android.intent.action.PACKAGE_ADDED
04-14 09:34:50.055  1270  1448 W BroadcastQueue: Background execution not allowed: receiving Intent { act=android.intent.action.PACKAGE_ADDED dat=package:com.poi.fintrack flg=0x4000010 (has extras) } to com.android.packageinstaller/.PackageInstalledReceiver
04-14 09:34:50.079  1419  1882 D Watchdog: ignore events AppInstall: {"app_install_time":1776134090,"app_is_new_installation":true,"app_name":"fintrack","app_package":"com.poi.fintrack","event_duration":0,"failure_reason":"","status_code":0}
04-14 09:34:50.085  1419  1938 D Watchdog: upload event: {"architecture":"x86_64","channel":"gw-overseas12","country":"en-ID","engine":"NEMUX","fchannel":"gw-overseas12","language":"en","mpid":"0","package":"mumu","product":"MuMu5.0","product_version":"5.15.2.2805","usage":"1","uuid":"c6cdbde6-42d8-4f1e-ba1e-06a0d6d1984a","version":"5.15.2.2805","x":{"apk_path":"socket:[39877]","app_name":"fintrack","app_package":"com.poi.fintrack","app_version_code":1,"app_version_name":"1.0.0","error":{"code":0,"msg":"ok"},"extra":{"SupportArchitecture":"x86_64,armeabi-v7a,arm64-v8a","amp_name":"fintrack","ampid":0,"is_remote_control":-1},"has_installed":0,"token":"055f1201-f05b-45df-b2d8-c25fffb7c19f"}}	type: InstallAPP	sign: XLjJe1MDWj1llKPiyTyPstW3lR8=	uid: 1000	json:{"apk_path":"socket:[39877]","app_name":"fintrack","app_package":"com.poi.fintrack","app_version_code":1,"app_version_name":"1.0.0","error":{"code":0,"msg":"ok"},"extra":{"SupportArchitecture":"x86_64,armeabi-v7a,arm64-v8a","amp_name":"fintrack","ampid":0,"is_remote_control":-1},"has_installed":0,"token":"055f1201-f05b-45df-b2d8-c25fffb7c19f"}
04-14 09:34:50.088  1270  1299 W BroadcastQueue: Background execution not allowed: receiving Intent { act=android.intent.action.PACKAGE_ADDED dat=package:com.poi.fintrack flg=0x4000010 (has extras) } to com.android.gallery3d/.app.PackagesMonitor
04-14 09:34:50.089  1270  1299 W BroadcastQueue: Background execution not allowed: receiving Intent { act=android.intent.action.PACKAGE_ADDED dat=package:com.poi.fintrack flg=0x4000010 (has extras) } to com.google.android.gms/.chimera.GmsIntentOperationService$PersistentTrustedReceiver
04-14 09:34:50.089  1270  1299 W BroadcastQueue: Background execution not allowed: receiving Intent { act=android.intent.action.PACKAGE_ADDED dat=package:com.poi.fintrack flg=0x4000010 (has extras) } to com.google.android.gms/.games.chimera.GamesSystemBroadcastReceiverProxy
04-14 09:34:50.089  1270  1299 W BroadcastQueue: Background execution not allowed: receiving Intent { act=android.intent.action.PACKAGE_ADDED dat=package:com.poi.fintrack flg=0x4000010 (has extras) } to com.google.android.gms/.gass.chimera.PackageChangeBroadcastReceiver
04-14 09:34:50.118  1573  1664 D SessionCommitReceiver: Adding package name to install queue. Package name: com.poi.fintrack, has app icon: false, has app label: false
04-14 09:34:50.173  1270  1287 D CompanionDeviceManagerService: onPackageModified(packageName = com.poi.fintrack)
04-14 09:34:50.176  1270  3385 W BroadcastQueue: Background execution not allowed: receiving Intent { act=android.intent.action.PACKAGE_CHANGED dat=package:com.poi.fintrack flg=0x4000010 (has extras) } to com.android.gallery3d/.app.PackagesMonitor
04-14 09:34:50.180  1270  1299 W BroadcastQueue: Background execution not allowed: receiving Intent { act=android.intent.action.PACKAGE_CHANGED dat=package:com.poi.fintrack flg=0x4000010 (has extras) } to com.google.android.gms/.chimera.GmsIntentOperationService$PersistentTrustedReceiver
04-14 09:34:50.252  1659  7321 W GCM     : Unexpected forwarded intent: Intent { act=android.intent.action.PACKAGE_ADDED dat=package:com.poi.fintrack flg=0x4000010 pkg=com.google.android.gms cmp=com.google.android.gms/.chimera.PersistentIntentOperationService (has extras) }
04-14 09:34:50.271  1270  3385 I ActivityTaskManager: START u0 {act=android.intent.action.MAIN cat=[android.intent.category.LAUNCHER] flg=0x30000000 cmp=com.poi.fintrack/com.yourname.fintrack.MainActivity (has extras)} from uid 2000, pid 7346
04-14 09:34:50.279  1270  3385 I ActivityTaskManager: [KeepAlive] disabled for com.poi.fintrack
04-14 09:34:50.307  2256  7313 I System.out: X-Param-architecture=x86_64||X-Param-channel=gw-overseas12||X-Param-country=en-ID||X-Param-cv=1207||X-Param-engine=NEMUX||X-Param-fchannel=gw-overseas12||X-Param-language=en||X-Param-nonce=77EE2D2B||X-Param-package=mumu||X-Param-ts=1776134090||X-Param-usage=1||X-Param-uuid=c6cdbde6-42d8-4f1e-ba1e-06a0d6d1984a||X-Param-version=5.15.2.2805||pkg_data=[{"version_code":1,"pkg_name":"com.poi.fintrack"}]
04-14 09:34:50.326  1659  7344 W NetworkScheduler: Unexpected forwarded intent: Intent { act=android.intent.action.PACKAGE_ADDED dat=package:com.poi.fintrack flg=0x4000010 pkg=com.google.android.gms cmp=com.google.android.gms/.chimera.PersistentIntentOperationService (has extras) }
04-14 09:34:50.355  1573  1664 D ItemInstallQueue: Adding PendingInstallShortcutInfo to queue. Attached info: WorkspaceItemInfo(id=-1 type=APP container=# com.android.launcher3.logger.LauncherAtom$ContainerInfo@7bc6f targetComponent=ComponentInfo{com.poi.fintrack/com.yourname.fintrack.MainActivity} screen=-1 cell(-1,-1) span(1,1) minSpan(1,1) rank=0 user=UserHandle{0} title=fintrack)
04-14 09:34:50.387  7352  7352 I Zygote  : fakeProductInfoIfNeed callded! com.poi.fintrack
04-14 09:34:50.390  7352  7352 I Zygote  : fake Product info com.poi.fintrack not matched any pattern
04-14 09:34:50.390  7352  7352 I Zygote  : fakeProductInfoFromProperties callded! com.poi.fintrack
04-14 09:34:50.394  1573  1664 D AddWorkspaceItemsTask: } targetComponent=ComponentInfo{com.poi.fintrack/com.yourname.fintrack.MainActivity} screen=0 cell(0,1) span(1,1) minSpan(1,1) rank=0 user=UserHandle{0} title=fintrack)
04-14 09:34:50.400  1270  1300 I ActivityManager: Start proc 7352:com.poi.fintrack/u0a59 for pre-top-activity {com.poi.fintrack/com.yourname.fintrack.MainActivity}
04-14 09:34:50.454  1270  1316 E VerityUtils: Failed to measure fs-verity, errno 1: /data/app/~~wIIVvP_9IMyidKhdj16w2Q==/com.poi.fintrack-TlKmluhVVc1fSFHDPlWSHw==/base.apk
04-14 09:34:50.493  7352  7352 V libnb   : enter native_bridge2_initialize /data/user/0/com.poi.fintrack/code_cache arm64
04-14 09:34:50.515  7352  7352 W HP      : x_initialize private_dir:/data/user/0/com.poi.fintrack/code_cache instruction_set:arm64 getMethodShorty:0x714abaf3c340 ret:1
04-14 09:34:50.570  1270  1290 D RecentTaskMonitor: VAddressShellNotifier#notifyOpenTab :{"uri":"player\/tab","need_response":false,"params":{"id":"task:71","displayId":0,"userId":0,"name":"fintrack","originName":"fintrack","packageName":"com.poi.fintrack","launcher":false,"newTask":true,"icon":"iVBORw0KGgoAAAANSUhEUgAAABgAAAAYCAYAAADgdz34AAAAAXNSR0IArs4c6QAAAARzQklUCAgICHwIZIgAAAOOSURBVEiJjZXLi1xFFMZ\/p6ru7e57Z7pHW2ZCRk1QxFXciKCC6EYU3fpAQqKoC0EQ\/CPcCa7cqWCWunMR\/Rtc+toJk2TymMRMv99VdVzcnk53T3eTD+7iVp0633cedUr2Lu6\/aG1yReAZ5qCqqCoigkstNrGINQgQgxImAT\/2aCxsxAhL5+\/GGD6Ss5fOHYjIufnN6CPGGfJ6RlbLUFViiAsOxArGGAatAb3jPmEcECuIyDzJkQOenC1ERVHyekalWkGMEHxgFTQoIQRKeYk0Sxm0h\/SOe6DMohHYdTKl1KggUN2tUspTNCp5muOsXXDsQ6A76i6kEiDbqZCWE1q3W0XajICIuJkhSm2vSlJOCjLg6pe\/UMtqCwTX7l\/n3W\/fZ+THixFFxaaW2tkajZvNIhIRzEnO80cy0ixdnY5pwQFCDOhKqwIudWzV85lIp6oYZ6hUK7PFZXz43cc0+0189Nxs3NrgvhBT3i4zaA+Jk1gQbNVzxMhM5TJ+\/PQHAAbjAS999cpGAgAEtuo57TsdnIhQrpbXqge4+sevjPyY7rAzW6uWq7z53Bv89PvPK8KA0lYJMV2cTS3IaZt5fP3bNxz3jgFIXcqZ6h5vP\/8WWKGW1Wj1W6c5ouJKDuMSi4ZNZXvAn9iE9154h\/9697l+fIO8lJG4ZOWZk64yYs1m+YAxhssvX+Lp3afI6hkXX\/\/ggeMN2ow1uE3Z+ezK5+xV97hw\/gIHkwN69NGpx9m5DQ5EwCzPmHlY48hLGX\/f\/oft7W2ySrZBzmlEH3HBh6JF57rotWdf5W7nHuUzFf6dHOCcXe9lTYrECH4ScH4UiljmLP8c\/MV4Mubx8RNYZ6f7a7BmS4zgRx6DwrA1WBiz1lmMWSr+umKuWhcY9cao12IW9Rr907d4Wdma\/3XB9e73QED2L5\/X6CP5YznZTjGPkkqKhkialjDGMB6M2KnWaHc71LcfRcQwGPapZjWu3b1G1AeNIiIMu0M6R53iBdy\/fF4BYojsnK3hSm61pIdE8IHGYbN4Rk\/G9Qlz+04bP\/YL9XhYiAjBR1q32sj0H5gjMIIqNG+1GLQH08WH8Vx8w+6Q5mETjRGZaxCj6M15EmMM3Xs9jm80GPfH2GRFR01tbWKZDD2Nwyado05R1Hlb1YZTjZ8g5ntB9meszqBB6Rx16d7r4UquGFzWIFLcUD8J+JFHffGWizVLqdVmjPrF\/xvBlgmmez\/pAAAAAElFTkSuQmCC","canChangeAppOrientation":false,"canReceiveFile":false,"pid":7352,"uid":10059,"action":"open"}}
04-14 09:34:50.642  7352  7352 D NemuJavaHotPatchHelper: onHandleBindApplication reportedPackageName:com.poi.fintrack isMatchJavaPatch:false
04-14 09:34:51.018  7352  7352 V GraphicsEnvironment: ANGLE Developer option for 'com.poi.fintrack' set to: 'default'
04-14 09:34:51.021  7352  7352 V GraphicsEnvironment: ANGLE GameManagerService for com.poi.fintrack: false
04-14 09:34:51.043  7352  7352 D AndroidRuntime: Shutting down VM
04-14 09:34:51.045  7352  7352 E AndroidRuntime: FATAL EXCEPTION: main
04-14 09:34:51.045  7352  7352 E AndroidRuntime: Process: com.poi.fintrack, PID: 7352
04-14 09:34:51.045  7352  7352 E AndroidRuntime: java.lang.RuntimeException: Unable to instantiate activity ComponentInfo{com.poi.fintrack/com.yourname.fintrack.MainActivity}: java.lang.ClassNotFoundException: Didn't find class "com.yourname.fintrack.MainActivity" on path: DexPathList[[zip file "/data/app/~~wIIVvP_9IMyidKhdj16w2Q==/com.poi.fintrack-TlKmluhVVc1fSFHDPlWSHw==/base.apk"],nativeLibraryDirectories=[/data/app/~~wIIVvP_9IMyidKhdj16w2Q==/com.poi.fintrack-TlKmluhVVc1fSFHDPlWSHw==/lib/x86_64, /data/app/~~wIIVvP_9IMyidKhdj16w2Q==/com.poi.fintrack-TlKmluhVVc1fSFHDPlWSHw==/base.apk!/lib/x86_64, /system/lib64, /system/system_ext/lib64, /system/product/lib64, /system/vendor/lib64]]
04-14 09:34:51.045  7352  7352 E AndroidRuntime: 	at android.app.ActivityThread.performLaunchActivity(ActivityThread.java:3663)
04-14 09:34:51.045  7352  7352 E AndroidRuntime: 	at android.app.ActivityThread.handleLaunchActivity(ActivityThread.java:3933)
04-14 09:34:51.045  7352  7352 E AndroidRuntime: 	at android.app.servertransaction.LaunchActivityItem.execute(LaunchActivityItem.java:103)
04-14 09:34:51.045  7352  7352 E AndroidRuntime: 	at android.app.servertransaction.TransactionExecutor.executeCallbacks(TransactionExecutor.java:135)
04-14 09:34:51.045  7352  7352 E AndroidRuntime: 	at android.app.servertransaction.TransactionExecutor.execute(TransactionExecutor.java:95)
04-14 09:34:51.045  7352  7352 E AndroidRuntime: 	at android.app.ActivityThread$H.handleMessage(ActivityThread.java:2296)
04-14 09:34:51.045  7352  7352 E AndroidRuntime: 	at android.os.Handler.dispatchMessage(Handler.java:106)
04-14 09:34:51.045  7352  7352 E AndroidRuntime: 	at android.os.Looper.loopOnce(Looper.java:201)
04-14 09:34:51.045  7352  7352 E AndroidRuntime: 	at android.os.Looper.loop(Looper.java:288)
04-14 09:34:51.045  7352  7352 E AndroidRuntime: 	at android.app.ActivityThread.main(ActivityThread.java:8062)
04-14 09:34:51.045  7352  7352 E AndroidRuntime: 	at java.lang.reflect.Method.invoke(Native Method)
04-14 09:34:51.045  7352  7352 E AndroidRuntime: 	at com.android.internal.os.RuntimeInit$MethodAndArgsCaller.run(RuntimeInit.java:571)
04-14 09:34:51.045  7352  7352 E AndroidRuntime: 	at com.android.internal.os.ZygoteInit.main(ZygoteInit.java:1091)
04-14 09:34:51.045  7352  7352 E AndroidRuntime: Caused by: java.lang.ClassNotFoundException: Didn't find class "com.yourname.fintrack.MainActivity" on path: DexPathList[[zip file "/data/app/~~wIIVvP_9IMyidKhdj16w2Q==/com.poi.fintrack-TlKmluhVVc1fSFHDPlWSHw==/base.apk"],nativeLibraryDirectories=[/data/app/~~wIIVvP_9IMyidKhdj16w2Q==/com.poi.fintrack-TlKmluhVVc1fSFHDPlWSHw==/lib/x86_64, /data/app/~~wIIVvP_9IMyidKhdj16w2Q==/com.poi.fintrack-TlKmluhVVc1fSFHDPlWSHw==/base.apk!/lib/x86_64, /system/lib64, /system/system_ext/lib64, /system/product/lib64, /system/vendor/lib64]]
04-14 09:34:51.045  7352  7352 E AndroidRuntime: 	at dalvik.system.BaseDexClassLoader.findClass(BaseDexClassLoader.java:218)
04-14 09:34:51.045  7352  7352 E AndroidRuntime: 	at java.lang.ClassLoader.loadClass(ClassLoader.java:379)
04-14 09:34:51.045  7352  7352 E AndroidRuntime: 	at java.lang.ClassLoader.loadClass(ClassLoader.java:312)
04-14 09:34:51.045  7352  7352 E AndroidRuntime: 	at android.app.AppComponentFactory.instantiateActivity(AppComponentFactory.java:95)
04-14 09:34:51.045  7352  7352 E AndroidRuntime: 	at androidx.core.app.CoreComponentFactory.instantiateActivity(CoreComponentFactory.java:44)
04-14 09:34:51.045  7352  7352 E AndroidRuntime: 	at android.app.Instrumentation.newActivity(Instrumentation.java:1289)
04-14 09:34:51.045  7352  7352 E AndroidRuntime: 	at android.app.ActivityThread.performLaunchActivity(ActivityThread.java:3650)
04-14 09:34:51.045  7352  7352 E AndroidRuntime: 	... 12 more
04-14 09:34:51.069  1270  1713 W ActivityTaskManager:   Force finishing activity com.poi.fintrack/com.yourname.fintrack.MainActivity
04-14 09:34:51.099  1419  3420 D DropboxReceiver: run: packageName = com.poi.fintrack   
04-14 09:34:51.112  1270  2356 I ActivityManager: Process com.poi.fintrack (pid 7352) has died: fg  TOP 
04-14 09:34:51.191  1035  1045 D nemuinit: start name: vapi, operation: {"uri":"/tools/inputdevice","method":"POST","params":{"action":"set_input_device_list","device":8,"packageName":"com.poi.fintrack","pid":7352,"uid":10059}}, id: 1267
04-14 09:34:51.191  1035  1045 D nemuinit: start name: vapi, operation: {"uri":"/tools/inputdevice","method":"POST","params":{"action":"set_input_device_list","device":8,"packageName":"com.poi.fintrack","pid":7352,"uid":10059}}, id: 1268
04-14 09:34:51.192  1035  1045 D nemuinit: start name: vapi, operation: {"uri":"/tools/inputdevice","method":"POST","params":{"action":"set_input_device_list","device":8,"packageName":"com.poi.fintrack","pid":7352,"uid":10059}}, id: 1270
04-14 09:34:51.192  1035  1045 D nemuinit: start name: vapi, operation: {"uri":"/tools/inputdevice","method":"POST","params":{"action":"set_input_device_list","device":8,"packageName":"com.poi.fintrack","pid":7352,"uid":10059}}, id: 1272
04-14 09:34:51.192  1035  1045 D nemuinit: start name: vapi, operation: {"uri":"/tools/inputdevice","method":"POST","params":{"action":"set_input_device_list","device":8,"packageName":"com.poi.fintrack","pid":7352,"uid":10059}}, id: 1274
04-14 09:34:51.200  1035  7407 D nemuinit: Proxy: use callback: 1419, handleNemuInitMessage, name: vapi, params: {"uri":"/tools/inputdevice","method":"POST","params":{"action":"set_input_device_list","device":8,"packageName":"com.poi.fintrack","pid":7352,"uid":10059}}, res: {"errcode":0,"message":"OK"}
04-14 09:34:51.200  1035  7410 D nemuinit: Proxy: use callback: 1419, handleNemuInitMessage, name: vapi, params: {"uri":"/tools/inputdevice","method":"POST","params":{"action":"set_input_device_list","device":8,"packageName":"com.poi.fintrack","pid":7352,"uid":10059}}, res: {"errcode":0,"message":"OK"}
04-14 09:34:51.217  1035  7414 D nemuinit: Proxy: use callback: 1419, handleNemuInitMessage, name: vapi, params: {"uri":"/tools/inputdevice","method":"POST","params":{"action":"set_input_device_list","device":8,"packageName":"com.poi.fintrack","pid":7352,"uid":10059}}, res: {"errcode":0,"message":"OK"}
04-14 09:34:51.219  1035  7408 D nemuinit: Proxy: use callback: 1419, handleNemuInitMessage, name: vapi, params: {"uri":"/tools/inputdevice","method":"POST","params":{"action":"set_input_device_list","device":8,"packageName":"com.poi.fintrack","pid":7352,"uid":10059}}, res: {"errcode":0,"message":"OK"}
04-14 09:34:51.219  1035  7412 D nemuinit: Proxy: use callback: 1419, handleNemuInitMessage, name: vapi, params: {"uri":"/tools/inputdevice","method":"POST","params":{"action":"set_input_device_list","device":8,"packageName":"com.poi.fintrack","pid":7352,"uid":10059}}, res: {"errcode":0,"message":"OK"}
04-14 09:34:51.331  1270  2356 W InputManager-JNI: Input channel object '2319ec5 Splash Screen com.poi.fintrack (client)' was disposed without first being removed with the input manager!
04-14 09:34:51.360  1035  7418 D nemuinit: Proxy: use callback: 1419, handleNemuInitMessage, name: vapi, params: {"uri":"/apps","method":"GET","params":{}}, res: {"errcode":0,"message":"OK","return":{"active":"app.lawnchair","installed":[{"appName":"matchapro-mobile1","packageName":"com.matchapro.app","version":"1.0","versionCode":1},{"appName":"Si-SHK Mobile","packageName":"com.example.si_shk_app_bps1471","version":"1.0.0","versionCode":1},{"appName":"si_hkbps1471","packageName":"com.example.si_hkbps1471","version":"1.0.0","versionCode":1},{"appName":"fintrack","packageName":"com.poi.fintrack","version":"1.0.0","versionCode":1}],"recent":[]}}
04-14 09:34:51.361  1419  1419 D Watchdog: ignore events AppExit: {"app_name":"fintrack","app_package":"com.poi.fintrack","event_duration":0,"failure_reason":"","status_code":0}
04-14 09:34:51.361  1419  1938 D Watchdog: upload event: {"architecture":"x86_64","channel":"gw-overseas12","country":"en-ID","engine":"NEMUX","fchannel":"gw-overseas12","language":"en","mpid":"0","package":"mumu","product":"MuMu5.0","product_version":"5.15.2.2805","usage":"1","uuid":"c6cdbde6-42d8-4f1e-ba1e-06a0d6d1984a","version":"5.15.2.2805","x":{"app_elapse":0,"app_name":"fintrack","app_package":"com.poi.fintrack","error":{"code":0,"msg":"ok"},"extra":{"amp_name":"fintrack","ampid":0,"is_remote_control":-1},"token":"055f1201-f05b-45df-b2d8-c25fffb7c19f"}}	type: ExitAPP	sign: WvOxEZvQvM7DHbx/AhlpmfYTr+c=	uid: 1000	json:{"app_elapse":0,"app_name":"fintrack","app_package":"com.poi.fintrack","error":{"code":0,"msg":"ok"},"extra":{"amp_name":"fintrack","ampid":0,"is_remote_control":-1},"token":"055f1201-f05b-45df-b2d8-c25fffb7c19f"}
04-14 09:34:51.585  1270  1290 W ActivityTaskManager: Activity top resumed state loss timeout for ActivityRecord{d9b3480 u0 com.poi.fintrack/com.yourname.fintrack.MainActivity t-1 f}}
04-14 09:34:51.922  1419  3421 D Watchdog: ignore events AppCrash: {"app_name":"fintrack","app_package":"com.poi.fintrack","event_duration":3310,"failure_reason":"https://api.mumuglobal.com/api/filepicker/APPCrashLog/log/2026-04-14/zG5rhCqUU49uhFe2.txt","log_url":"https://api.mumuglobal.com/api/filepicker/APPCrashLog/logcat/2026-04-14/BQX8jmpXhJbt5sBv.gz","status_code":0}
04-14 09:34:51.923  1419  1938 D Watchdog: upload event: {"architecture":"x86_64","channel":"gw-overseas12","country":"en-ID","engine":"NEMUX","fchannel":"gw-overseas12","language":"en","mpid":"0","package":"mumu","product":"MuMu5.0","product_version":"5.15.2.2805","usage":"1","uuid":"c6cdbde6-42d8-4f1e-ba1e-06a0d6d1984a","version":"5.15.2.2805","x":{"app_elapse":3310,"app_name":"fintrack","app_package":"com.poi.fintrack","error":{"code":0,"msg":"ok"},"extra":{"app_event_type":"Crash","app_version_code":"1","app_version_name":"1.0.0","is_remote_control":-1},"log":"https://api.mumuglobal.com/api/filepicker/APPCrashLog/log/2026-04-14/zG5rhCqUU49uhFe2.txt","logcat":"https://api.mumuglobal.com/api/filepicker/APPCrashLog/logcat/2026-04-14/BQX8jmpXhJbt5sBv.gz","token":"055f1201-f05b-45df-b2d8-c25fffb7c19f"}}	type: APPCrashLog	sign: Ynd09j/CVr2yQ6+r3bXU+V0TsQc=	uid: 1000	json:{"app_elapse":3310,"app_name":"fintrack","app_package":"com.poi.fintrack","error":{"code":0,"msg":"ok"},"extra":{"app_event_type":"Crash","app_version_code":"1","app_version_name":"1.0.0","is_remote_control":-1},"log":"https://api.mumuglobal.com/api/filepicker/APPCrashLog/log/2026-04-14/zG5rhCqUU49uhFe2.txt","logcat":"https://api.mumuglobal.com/api/filepicker/APPCrashLog/logcat/2026-04-14/BQX8jmpXhJbt5sBv.gz","token":"055f1201-f05b-45df-b2d8-c25fffb7c19f"}
