04-14 09:19:18.549  6549  6549 E AndroidRuntime: 	at android.app.ActivityThread.main(ActivityThread.java:8062)
04-14 09:19:18.549  6549  6549 E AndroidRuntime: 	at java.lang.reflect.Method.invoke(Native Method)
04-14 09:19:18.549  6549  6549 E AndroidRuntime: 	at com.android.internal.os.RuntimeInit$MethodAndArgsCaller.run(RuntimeInit.java:571)
04-14 09:19:18.549  6549  6549 E AndroidRuntime: 	at com.android.internal.os.ZygoteInit.main(ZygoteInit.java:1091)
04-14 09:19:18.549  6549  6549 E AndroidRuntime: Caused by: java.lang.ClassNotFoundException: Didn't find class "com.yourname.fintrack.MainActivity" on path: DexPathList[[zip file "/data/app/~~D9OyfPw0ur4Ug2jwT_pZmg==/com.poi.fintrack-mfIcaDUksRMo3mE7yChSOA==/base.apk"],nativeLibraryDirectories=[/data/app/~~D9OyfPw0ur4Ug2jwT_pZmg==/com.poi.fintrack-mfIcaDUksRMo3mE7yChSOA==/lib/x86_64, /data/app/~~D9OyfPw0ur4Ug2jwT_pZmg==/com.poi.fintrack-mfIcaDUksRMo3mE7yChSOA==/base.apk!/lib/x86_64, /system/lib64, /system/system_ext/lib64, /system/product/lib64, /system/vendor/lib64]]
04-14 09:19:18.549  6549  6549 E AndroidRuntime: 	at dalvik.system.BaseDexClassLoader.findClass(BaseDexClassLoader.java:218)
04-14 09:19:18.549  6549  6549 E AndroidRuntime: 	at java.lang.ClassLoader.loadClass(ClassLoader.java:379)
04-14 09:19:18.549  6549  6549 E AndroidRuntime: 	at java.lang.ClassLoader.loadClass(ClassLoader.java:312)
04-14 09:19:18.549  6549  6549 E AndroidRuntime: 	at android.app.AppComponentFactory.instantiateActivity(AppComponentFactory.java:95)
04-14 09:19:18.549  6549  6549 E AndroidRuntime: 	at androidx.core.app.CoreComponentFactory.instantiateActivity(CoreComponentFactory.java:44)
04-14 09:19:18.549  6549  6549 E AndroidRuntime: 	at android.app.Instrumentation.newActivity(Instrumentation.java:1289)
04-14 09:19:18.549  6549  6549 E AndroidRuntime: 	at android.app.ActivityThread.performLaunchActivity(ActivityThread.java:3650)
04-14 09:19:18.549  6549  6549 E AndroidRuntime: 	... 12 more
04-14 09:19:18.550  1270  3300 W ActivityTaskManager:   Force finishing activity com.poi.fintrack/com.yourname.fintrack.MainActivity
04-14 09:19:19.051  1270  1290 W ActivityTaskManager: Activity top resumed state loss timeout for ActivityRecord{9f525b0 u0 com.poi.fintrack/com.yourname.fintrack.MainActivity t60 f}}
04-14 09:19:19.059  1270  1290 W ActivityTaskManager: Activity pause timeout for ActivityRecord{9f525b0 u0 com.poi.fintrack/com.yourname.fintrack.MainActivity t60 f}}
04-14 09:19:19.087  1270  1291 W InputManager-JNI: Input channel object 'f7eecdc Splash Screen com.poi.fintrack (client)' was disposed without first being removed with the input manager!
04-14 09:19:19.283  1419  3421 D Watchdog: ignore events AppCrash: {"app_name":"fintrack","app_package":"com.poi.fintrack","event_duration":2378,"failure_reason":"https://api.mumuglobal.com/api/filepicker/APPCrashLog/log/2026-04-14/eadQeTDdgSCuty7r.txt","log_url":"https://api.mumuglobal.com/api/filepicker/APPCrashLog/logcat/2026-04-14/WBgGaSEfDlt6ZQUE.gz","status_code":0}
04-14 09:19:19.284  1419  1938 D Watchdog: upload event: {"architecture":"x86_64","channel":"gw-overseas12","country":"en-ID","engine":"NEMUX","fchannel":"gw-overseas12","language":"en","mpid":"0","package":"mumu","product":"MuMu5.0","product_version":"5.15.2.2805","usage":"1","uuid":"c6cdbde6-42d8-4f1e-ba1e-06a0d6d1984a","version":"5.15.2.2805","x":{"app_elapse":2378,"app_name":"fintrack","app_package":"com.poi.fintrack","error":{"code":0,"msg":"ok"},"extra":{"app_event_type":"Crash","app_version_code":"1","app_version_name":"1.0.0","is_remote_control":-1},"log":"https://api.mumuglobal.com/api/filepicker/APPCrashLog/log/2026-04-14/eadQeTDdgSCuty7r.txt","logcat":"https://api.mumuglobal.com/api/filepicker/APPCrashLog/logcat/2026-04-14/WBgGaSEfDlt6ZQUE.gz","token":"055f1201-f05b-45df-b2d8-c25fffb7c19f"}}	type: APPCrashLog	sign: aCmeFwzSwU5asFK4+ap/dztDEbY=	uid: 1000	json:{"app_elapse":2378,"app_name":"fintrack","app_package":"com.poi.fintrack","error":{"code":0,"msg":"ok"},"extra":{"app_event_type":"Crash","app_version_code":"1","app_version_name":"1.0.0","is_remote_control":-1},"log":"https://api.mumuglobal.com/api/filepicker/APPCrashLog/log/2026-04-14/eadQeTDdgSCuty7r.txt","logcat":"https://api.mumuglobal.com/api/filepicker/APPCrashLog/logcat/2026-04-14/WBgGaSEfDlt6ZQUE.gz","token":"055f1201-f05b-45df-b2d8-c25fffb7c19f"}
04-14 09:19:29.097  1270  1290 W ActivityTaskManager: Activity destroy timeout for ActivityRecord{9f525b0 u0 com.poi.fintrack/com.yourname.fintrack.MainActivity t60 f}}
04-14 09:19:29.104  1419  1419 D Watchdog: ignore events AppExit: {"app_name":"fintrack","app_package":"com.poi.fintrack","event_duration":0,"failure_reason":"","status_code":0}
04-14 09:19:29.105  1419  1938 D Watchdog: upload event: {"architecture":"x86_64","channel":"gw-overseas12","country":"en-ID","engine":"NEMUX","fchannel":"gw-overseas12","language":"en","mpid":"0","package":"mumu","product":"MuMu5.0","product_version":"5.15.2.2805","usage":"1","uuid":"c6cdbde6-42d8-4f1e-ba1e-06a0d6d1984a","version":"5.15.2.2805","x":{"app_elapse":10,"app_name":"fintrack","app_package":"com.poi.fintrack","error":{"code":0,"msg":"ok"},"extra":{"amp_name":"fintrack","ampid":0,"is_remote_control":-1},"token":"055f1201-f05b-45df-b2d8-c25fffb7c19f"}}	type: ExitAPP	sign: UpTyh/7E7d0EHiFTWOgYEOtdsms=	uid: 1000	json:{"app_elapse":10,"app_name":"fintrack","app_package":"com.poi.fintrack","error":{"code":0,"msg":"ok"},"extra":{"amp_name":"fintrack","ampid":0,"is_remote_control":-1},"token":"055f1201-f05b-45df-b2d8-c25fffb7c19f"}
04-14 09:19:29.106  1035  6608 D nemuinit: Proxy: use callback: 1419, handleNemuInitMessage, name: vapi, params: {"uri":"/apps","method":"GET","params":{}}, res: {"errcode":0,"message":"OK","return":{"active":"app.lawnchair","installed":[{"appName":"matchapro-mobile1","packageName":"com.matchapro.app","version":"1.0","versionCode":1},{"appName":"Si-SHK Mobile","packageName":"com.example.si_shk_app_bps1471","version":"1.0.0","versionCode":1},{"appName":"si_hkbps1471","packageName":"com.example.si_hkbps1471","version":"1.0.0","versionCode":1},{"appName":"fintrack","packageName":"com.poi.fintrack","version":"1.0.0","versionCode":1}],"recent":[]}}
04-14 09:22:22.374  1270  1288 W InputManager-JNI: Input channel object 'feaaba5 Application Error: com.poi.fintrack (client)' was disposed without first being removed with the input manager!
04-14 09:22:22.381  1270  3300 I ActivityTaskManager: START u0 {act=android.settings.APPLICATION_DETAILS_SETTINGS dat=package:com.poi.fintrack flg=0x10000000 cmp=com.android.settings/.applications.InstalledAppDetails} from uid 1000, pid 1270
04-14 09:22:22.413  1270  3991 I ActivityManager: Process com.poi.fintrack (pid 6549) has died: cch+5 CEM 
04-14 09:22:22.723  1133  1133 I Binder:1133_4: type=1400 audit(0.0:12515): avc: denied { read } for name="com.poi.fintrack" dev="sdc3" ino=4456695 scontext=u:r:init:s0 tcontext=u:object_r:app_data_file:s0:c58,c256,c512,c768 tclass=dir permissive=1
04-14 09:22:22.726  1133  1133 I Binder:1133_4: type=1400 audit(0.0:12516): avc: denied { open } for path="/data/data/com.poi.fintrack" dev="sdc3" ino=4456695 scontext=u:r:init:s0 tcontext=u:object_r:app_data_file:s0:c58,c256,c512,c768 tclass=dir permissive=1
04-14 09:22:22.726  1133  1133 I Binder:1133_4: type=1400 audit(0.0:12517): avc: denied { search } for name="com.poi.fintrack" dev="sdc3" ino=4456695 scontext=u:r:init:s0 tcontext=u:object_r:app_data_file:s0:c58,c256,c512,c768 tclass=dir permissive=1
04-14 09:22:22.726  1133  1133 I Binder:1133_4: type=1400 audit(0.0:12518): avc: denied { getattr } for path="/data/data/com.poi.fintrack/code_cache" dev="sdc3" ino=4456700 scontext=u:r:init:s0 tcontext=u:object_r:app_data_file:s0:c58,c256,c512,c768 tclass=dir permissive=1
04-14 09:22:22.847  2357  2374 I Role    : com.poi.fintrack not qualified for android.app.role.HOME due to missing RequiredComponent{mIntentFilterData=IntentFilterData{mAction='android.intent.action.MAIN', mCategories='[android.intent.category.HOME]', mDataScheme='null', mDataType='null'}, mPermission='null'}
04-14 09:22:22.851  2357  2374 I Role    : com.poi.fintrack not qualified for android.app.role.DIALER due to missing RequiredComponent{mIntentFilterData=IntentFilterData{mAction='android.intent.action.DIAL', mCategories='[]', mDataScheme='null', mDataType='null'}, mPermission='null'}
04-14 09:22:22.853  2357  2374 I Role    : com.poi.fintrack not qualified for android.app.role.SMS due to missing RequiredComponent{mIntentFilterData=IntentFilterData{mAction='android.provider.Telephony.SMS_DELIVER', mCategories='[]', mDataScheme='null', mDataType='null'}, mPermission='android.permission.BROADCAST_SMS'}
04-14 09:22:24.668  1035  6663 D nemuinit: Proxy: use callback: 1419, handleNemuInitMessage, name: vapi, params: {"uri":"/apps","method":"GET","params":{}}, res: {"errcode":0,"message":"OK","return":{"active":"app.lawnchair","installed":[{"appName":"matchapro-mobile1","packageName":"com.matchapro.app","version":"1.0","versionCode":1},{"appName":"Si-SHK Mobile","packageName":"com.example.si_shk_app_bps1471","version":"1.0.0","versionCode":1},{"appName":"si_hkbps1471","packageName":"com.example.si_hkbps1471","version":"1.0.0","versionCode":1},{"appName":"fintrack","packageName":"com.poi.fintrack","version":"1.0.0","versionCode":1}],"recent":[]}}
04-14 09:22:47.703  1270  1572 I ActivityTaskManager: START u0 {act=android.intent.action.MAIN cat=[android.intent.category.LAUNCHER] flg=0x10200000 cmp=com.poi.fintrack/com.yourname.fintrack.MainActivity bnds=[89,312][326,503]} from uid 10027, pid 1573
04-14 09:22:47.704  1270  1572 I ActivityTaskManager: [KeepAlive] disabled for com.poi.fintrack
04-14 09:22:47.728  1270  1300 I ActivityManager: Start proc 6671:com.poi.fintrack/u0a58 for pre-top-activity {com.poi.fintrack/com.yourname.fintrack.MainActivity}
04-14 09:22:47.731  6671  6671 I Zygote  : fakeProductInfoIfNeed callded! com.poi.fintrack
04-14 09:22:47.735  6671  6671 I Zygote  : fake Product info com.poi.fintrack not matched any pattern
04-14 09:22:47.735  6671  6671 I Zygote  : fakeProductInfoFromProperties callded! com.poi.fintrack
04-14 09:22:47.776  6671  6671 V libnb   : enter native_bridge2_initialize /data/user/0/com.poi.fintrack/code_cache arm64
04-14 09:22:47.785  6671  6671 W HP      : x_initialize private_dir:/data/user/0/com.poi.fintrack/code_cache instruction_set:arm64 getMethodShorty:0x714abaf3c340 ret:1
04-14 09:22:47.822  1270  1290 D RecentTaskMonitor: VAddressShellNotifier#notifyOpenTab :{"uri":"player\/tab","need_response":false,"params":{"id":"task:62","displayId":0,"userId":0,"name":"fintrack","originName":"fintrack","packageName":"com.poi.fintrack","launcher":false,"newTask":true,"icon":"iVBORw0KGgoAAAANSUhEUgAAABgAAAAYCAYAAADgdz34AAAAAXNSR0IArs4c6QAAAARzQklUCAgICHwIZIgAAAOOSURBVEiJjZXLi1xFFMZ\/p6ru7e57Z7pHW2ZCRk1QxFXciKCC6EYU3fpAQqKoC0EQ\/CPcCa7cqWCWunMR\/Rtc+toJk2TymMRMv99VdVzcnk53T3eTD+7iVp0633cedUr2Lu6\/aG1yReAZ5qCqqCoigkstNrGINQgQgxImAT\/2aCxsxAhL5+\/GGD6Ss5fOHYjIufnN6CPGGfJ6RlbLUFViiAsOxArGGAatAb3jPmEcECuIyDzJkQOenC1ERVHyekalWkGMEHxgFTQoIQRKeYk0Sxm0h\/SOe6DMohHYdTKl1KggUN2tUspTNCp5muOsXXDsQ6A76i6kEiDbqZCWE1q3W0XajICIuJkhSm2vSlJOCjLg6pe\/UMtqCwTX7l\/n3W\/fZ+THixFFxaaW2tkajZvNIhIRzEnO80cy0ixdnY5pwQFCDOhKqwIudWzV85lIp6oYZ6hUK7PFZXz43cc0+0189Nxs3NrgvhBT3i4zaA+Jk1gQbNVzxMhM5TJ+\/PQHAAbjAS999cpGAgAEtuo57TsdnIhQrpbXqge4+sevjPyY7rAzW6uWq7z53Bv89PvPK8KA0lYJMV2cTS3IaZt5fP3bNxz3jgFIXcqZ6h5vP\/8WWKGW1Wj1W6c5ouJKDuMSi4ZNZXvAn9iE9154h\/9697l+fIO8lJG4ZOWZk64yYs1m+YAxhssvX+Lp3afI6hkXX\/\/ggeMN2ow1uE3Z+ezK5+xV97hw\/gIHkwN69NGpx9m5DQ5EwCzPmHlY48hLGX\/f\/oft7W2ySrZBzmlEH3HBh6JF57rotWdf5W7nHuUzFf6dHOCcXe9lTYrECH4ScH4UiljmLP8c\/MV4Mubx8RNYZ6f7a7BmS4zgRx6DwrA1WBiz1lmMWSr+umKuWhcY9cao12IW9Rr907d4Wdma\/3XB9e73QED2L5\/X6CP5YznZTjGPkkqKhkialjDGMB6M2KnWaHc71LcfRcQwGPapZjWu3b1G1AeNIiIMu0M6R53iBdy\/fF4BYojsnK3hSm61pIdE8IHGYbN4Rk\/G9Qlz+04bP\/YL9XhYiAjBR1q32sj0H5gjMIIqNG+1GLQH08WH8Vx8w+6Q5mETjRGZaxCj6M15EmMM3Xs9jm80GPfH2GRFR01tbWKZDD2Nwyado05R1Hlb1YZTjZ8g5ntB9meszqBB6Rx16d7r4UquGFzWIFLcUD8J+JFHffGWizVLqdVmjPrF\/xvBlgmmez\/pAAAAAElFTkSuQmCC","canChangeAppOrientation":false,"canReceiveFile":false,"pid":6671,"uid":10058,"action":"open"}}
04-14 09:22:47.857  6671  6671 D NemuJavaHotPatchHelper: onHandleBindApplication reportedPackageName:com.poi.fintrack isMatchJavaPatch:false
04-14 09:22:48.188  6671  6671 V GraphicsEnvironment: ANGLE Developer option for 'com.poi.fintrack' set to: 'default'
04-14 09:22:48.189  6671  6671 V GraphicsEnvironment: ANGLE GameManagerService for com.poi.fintrack: false
04-14 09:22:48.210  6671  6671 D AndroidRuntime: Shutting down VM
04-14 09:22:48.211  6671  6671 E AndroidRuntime: FATAL EXCEPTION: main
04-14 09:22:48.211  6671  6671 E AndroidRuntime: Process: com.poi.fintrack, PID: 6671
04-14 09:22:48.211  6671  6671 E AndroidRuntime: java.lang.RuntimeException: Unable to instantiate activity ComponentInfo{com.poi.fintrack/com.yourname.fintrack.MainActivity}: java.lang.ClassNotFoundException: Didn't find class "com.yourname.fintrack.MainActivity" on path: DexPathList[[zip file "/data/app/~~D9OyfPw0ur4Ug2jwT_pZmg==/com.poi.fintrack-mfIcaDUksRMo3mE7yChSOA==/base.apk"],nativeLibraryDirectories=[/data/app/~~D9OyfPw0ur4Ug2jwT_pZmg==/com.poi.fintrack-mfIcaDUksRMo3mE7yChSOA==/lib/x86_64, /data/app/~~D9OyfPw0ur4Ug2jwT_pZmg==/com.poi.fintrack-mfIcaDUksRMo3mE7yChSOA==/base.apk!/lib/x86_64, /system/lib64, /system/system_ext/lib64, /system/product/lib64, /system/vendor/lib64]]
04-14 09:22:48.211  6671  6671 E AndroidRuntime: 	at android.app.ActivityThread.performLaunchActivity(ActivityThread.java:3663)
04-14 09:22:48.211  6671  6671 E AndroidRuntime: 	at android.app.ActivityThread.handleLaunchActivity(ActivityThread.java:3933)
04-14 09:22:48.211  6671  6671 E AndroidRuntime: 	at android.app.servertransaction.LaunchActivityItem.execute(LaunchActivityItem.java:103)
04-14 09:22:48.211  6671  6671 E AndroidRuntime: 	at android.app.servertransaction.TransactionExecutor.executeCallbacks(TransactionExecutor.java:135)
04-14 09:22:48.211  6671  6671 E AndroidRuntime: 	at android.app.servertransaction.TransactionExecutor.execute(TransactionExecutor.java:95)
04-14 09:22:48.211  6671  6671 E AndroidRuntime: 	at android.app.ActivityThread$H.handleMessage(ActivityThread.java:2296)
04-14 09:22:48.211  6671  6671 E AndroidRuntime: 	at android.os.Handler.dispatchMessage(Handler.java:106)
04-14 09:22:48.211  6671  6671 E AndroidRuntime: 	at android.os.Looper.loopOnce(Looper.java:201)
04-14 09:22:48.211  6671  6671 E AndroidRuntime: 	at android.os.Looper.loop(Looper.java:288)
04-14 09:22:48.211  6671  6671 E AndroidRuntime: 	at android.app.ActivityThread.main(ActivityThread.java:8062)
04-14 09:22:48.211  6671  6671 E AndroidRuntime: 	at java.lang.reflect.Method.invoke(Native Method)
04-14 09:22:48.211  6671  6671 E AndroidRuntime: 	at com.android.internal.os.RuntimeInit$MethodAndArgsCaller.run(RuntimeInit.java:571)
04-14 09:22:48.211  6671  6671 E AndroidRuntime: 	at com.android.internal.os.ZygoteInit.main(ZygoteInit.java:1091)
04-14 09:22:48.211  6671  6671 E AndroidRuntime: Caused by: java.lang.ClassNotFoundException: Didn't find class "com.yourname.fintrack.MainActivity" on path: DexPathList[[zip file "/data/app/~~D9OyfPw0ur4Ug2jwT_pZmg==/com.poi.fintrack-mfIcaDUksRMo3mE7yChSOA==/base.apk"],nativeLibraryDirectories=[/data/app/~~D9OyfPw0ur4Ug2jwT_pZmg==/com.poi.fintrack-mfIcaDUksRMo3mE7yChSOA==/lib/x86_64, /data/app/~~D9OyfPw0ur4Ug2jwT_pZmg==/com.poi.fintrack-mfIcaDUksRMo3mE7yChSOA==/base.apk!/lib/x86_64, /system/lib64, /system/system_ext/lib64, /system/product/lib64, /system/vendor/lib64]]
04-14 09:22:48.211  6671  6671 E AndroidRuntime: 	at dalvik.system.BaseDexClassLoader.findClass(BaseDexClassLoader.java:218)
04-14 09:22:48.211  6671  6671 E AndroidRuntime: 	at java.lang.ClassLoader.loadClass(ClassLoader.java:379)
04-14 09:22:48.211  6671  6671 E AndroidRuntime: 	at java.lang.ClassLoader.loadClass(ClassLoader.java:312)
04-14 09:22:48.211  6671  6671 E AndroidRuntime: 	at android.app.AppComponentFactory.instantiateActivity(AppComponentFactory.java:95)
04-14 09:22:48.211  6671  6671 E AndroidRuntime: 	at androidx.core.app.CoreComponentFactory.instantiateActivity(CoreComponentFactory.java:44)
04-14 09:22:48.211  6671  6671 E AndroidRuntime: 	at android.app.Instrumentation.newActivity(Instrumentation.java:1289)
04-14 09:22:48.211  6671  6671 E AndroidRuntime: 	at android.app.ActivityThread.performLaunchActivity(ActivityThread.java:3650)
04-14 09:22:48.211  6671  6671 E AndroidRuntime: 	... 12 more
04-14 09:22:48.219  1270  1572 W ActivityTaskManager:   Force finishing activity com.poi.fintrack/com.yourname.fintrack.MainActivity
04-14 09:22:48.232  1419  3420 D DropboxReceiver: run: packageName = com.poi.fintrack   
04-14 09:22:48.248  1270  3386 I ActivityManager: Process com.poi.fintrack (pid 6671) has died: fg  TOP 
04-14 09:22:48.322  1270  1291 W InputManager-JNI: Input channel object 'a2e6f15 Splash Screen com.poi.fintrack (client)' was disposed without first being removed with the input manager!
04-14 09:22:48.360  1419  1419 D Watchdog: ignore events AppExit: {"app_name":"fintrack","app_package":"com.poi.fintrack","event_duration":0,"failure_reason":"","status_code":0}
04-14 09:22:48.363  1419  1938 D Watchdog: upload event: {"architecture":"x86_64","channel":"gw-overseas12","country":"en-ID","engine":"NEMUX","fchannel":"gw-overseas12","language":"en","mpid":"0","package":"mumu","product":"MuMu5.0","product_version":"5.15.2.2805","usage":"1","uuid":"c6cdbde6-42d8-4f1e-ba1e-06a0d6d1984a","version":"5.15.2.2805","x":{"app_elapse":0,"app_name":"fintrack","app_package":"com.poi.fintrack","error":{"code":0,"msg":"ok"},"extra":{"amp_name":"fintrack","ampid":0,"is_remote_control":-1},"token":"055f1201-f05b-45df-b2d8-c25fffb7c19f"}}	type: ExitAPP	sign: WvOxEZvQvM7DHbx/AhlpmfYTr+c=	uid: 1000	json:{"app_elapse":0,"app_name":"fintrack","app_package":"com.poi.fintrack","error":{"code":0,"msg":"ok"},"extra":{"amp_name":"fintrack","ampid":0,"is_remote_control":-1},"token":"055f1201-f05b-45df-b2d8-c25fffb7c19f"}
04-14 09:22:48.377  1035  6710 D nemuinit: Proxy: use callback: 1419, handleNemuInitMessage, name: vapi, params: {"uri":"/apps","method":"GET","params":{}}, res: {"errcode":0,"message":"OK","return":{"active":"app.lawnchair","installed":[{"appName":"matchapro-mobile1","packageName":"com.matchapro.app","version":"1.0","versionCode":1},{"appName":"Si-SHK Mobile","packageName":"com.example.si_shk_app_bps1471","version":"1.0.0","versionCode":1},{"appName":"si_hkbps1471","packageName":"com.example.si_hkbps1471","version":"1.0.0","versionCode":1},{"appName":"fintrack","packageName":"com.poi.fintrack","version":"1.0.0","versionCode":1}],"recent":[]}}
04-14 09:22:48.720  1270  1290 W ActivityTaskManager: Activity top resumed state loss timeout for ActivityRecord{940c659 u0 com.poi.fintrack/com.yourname.fintrack.MainActivity t-1 f}}
04-14 09:22:48.983  1419  3421 D Watchdog: ignore events AppCrash: {"app_name":"fintrack","app_package":"com.poi.fintrack","event_duration":2587,"failure_reason":"https://api.mumuglobal.com/api/filepicker/APPCrashLog/log/2026-04-14/oTSR9MItbk4J8NXV.txt","log_url":"https://api.mumuglobal.com/api/filepicker/APPCrashLog/logcat/2026-04-14/HmIXLISl6pxdE1ia.gz","status_code":0}
04-14 09:22:48.984  1419  1938 D Watchdog: upload event: {"architecture":"x86_64","channel":"gw-overseas12","country":"en-ID","engine":"NEMUX","fchannel":"gw-overseas12","language":"en","mpid":"0","package":"mumu","product":"MuMu5.0","product_version":"5.15.2.2805","usage":"1","uuid":"c6cdbde6-42d8-4f1e-ba1e-06a0d6d1984a","version":"5.15.2.2805","x":{"app_elapse":2587,"app_name":"fintrack","app_package":"com.poi.fintrack","error":{"code":0,"msg":"ok"},"extra":{"app_event_type":"Crash","app_version_code":"1","app_version_name":"1.0.0","is_remote_control":-1},"log":"https://api.mumuglobal.com/api/filepicker/APPCrashLog/log/2026-04-14/oTSR9MItbk4J8NXV.txt","logcat":"https://api.mumuglobal.com/api/filepicker/APPCrashLog/logcat/2026-04-14/HmIXLISl6pxdE1ia.gz","token":"055f1201-f05b-45df-b2d8-c25fffb7c19f"}}	type: APPCrashLog	sign: rQXSgJf3NWbMzkfDlcKbFT5QTOI=	uid: 1000	json:{"app_elapse":2587,"app_name":"fintrack","app_package":"com.poi.fintrack","error":{"code":0,"msg":"ok"},"extra":{"app_event_type":"Crash","app_version_code":"1","app_version_name":"1.0.0","is_remote_control":-1},"log":"https://api.mumuglobal.com/api/filepicker/APPCrashLog/log/2026-04-14/oTSR9MItbk4J8NXV.txt","logcat":"https://api.mumuglobal.com/api/filepicker/APPCrashLog/logcat/2026-04-14/HmIXLISl6pxdE1ia.gz","token":"055f1201-f05b-45df-b2d8-c25fffb7c19f"}
04-14 09:22:50.037  1270  3385 I ActivityTaskManager: START u0 {act=android.intent.action.MAIN cat=[android.intent.category.LAUNCHER] flg=0x10200000 cmp=com.poi.fintrack/com.yourname.fintrack.MainActivity bnds=[89,312][326,503]} from uid 10027, pid 1573
04-14 09:22:50.038  1270  3385 I ActivityTaskManager: [KeepAlive] disabled for com.poi.fintrack
04-14 09:22:50.053  1270  1300 I ActivityManager: Start proc 6716:com.poi.fintrack/u0a58 for pre-top-activity {com.poi.fintrack/com.yourname.fintrack.MainActivity}
04-14 09:22:50.054  6716  6716 I Zygote  : fakeProductInfoIfNeed callded! com.poi.fintrack
04-14 09:22:50.055  6716  6716 I Zygote  : fake Product info com.poi.fintrack not matched any pattern
04-14 09:22:50.055  6716  6716 I Zygote  : fakeProductInfoFromProperties callded! com.poi.fintrack
04-14 09:22:50.084  6716  6716 V libnb   : enter native_bridge2_initialize /data/user/0/com.poi.fintrack/code_cache arm64
04-14 09:22:50.092  6716  6716 W HP      : x_initialize private_dir:/data/user/0/com.poi.fintrack/code_cache instruction_set:arm64 getMethodShorty:0x714abaf3c340 ret:1
04-14 09:22:50.108  1270  1290 D RecentTaskMonitor: VAddressShellNotifier#notifyOpenTab :{"uri":"player\/tab","need_response":false,"params":{"id":"task:63","displayId":0,"userId":0,"name":"fintrack","originName":"fintrack","packageName":"com.poi.fintrack","launcher":false,"newTask":true,"icon":"iVBORw0KGgoAAAANSUhEUgAAABgAAAAYCAYAAADgdz34AAAAAXNSR0IArs4c6QAAAARzQklUCAgICHwIZIgAAAOOSURBVEiJjZXLi1xFFMZ\/p6ru7e57Z7pHW2ZCRk1QxFXciKCC6EYU3fpAQqKoC0EQ\/CPcCa7cqWCWunMR\/Rtc+toJk2TymMRMv99VdVzcnk53T3eTD+7iVp0633cedUr2Lu6\/aG1yReAZ5qCqqCoigkstNrGINQgQgxImAT\/2aCxsxAhL5+\/GGD6Ss5fOHYjIufnN6CPGGfJ6RlbLUFViiAsOxArGGAatAb3jPmEcECuIyDzJkQOenC1ERVHyekalWkGMEHxgFTQoIQRKeYk0Sxm0h\/SOe6DMohHYdTKl1KggUN2tUspTNCp5muOsXXDsQ6A76i6kEiDbqZCWE1q3W0XajICIuJkhSm2vSlJOCjLg6pe\/UMtqCwTX7l\/n3W\/fZ+THixFFxaaW2tkajZvNIhIRzEnO80cy0ixdnY5pwQFCDOhKqwIudWzV85lIp6oYZ6hUK7PFZXz43cc0+0189Nxs3NrgvhBT3i4zaA+Jk1gQbNVzxMhM5TJ+\/PQHAAbjAS999cpGAgAEtuo57TsdnIhQrpbXqge4+sevjPyY7rAzW6uWq7z53Bv89PvPK8KA0lYJMV2cTS3IaZt5fP3bNxz3jgFIXcqZ6h5vP\/8WWKGW1Wj1W6c5ouJKDuMSi4ZNZXvAn9iE9154h\/9697l+fIO8lJG4ZOWZk64yYs1m+YAxhssvX+Lp3afI6hkXX\/\/ggeMN2ow1uE3Z+ezK5+xV97hw\/gIHkwN69NGpx9m5DQ5EwCzPmHlY48hLGX\/f\/oft7W2ySrZBzmlEH3HBh6JF57rotWdf5W7nHuUzFf6dHOCcXe9lTYrECH4ScH4UiljmLP8c\/MV4Mubx8RNYZ6f7a7BmS4zgRx6DwrA1WBiz1lmMWSr+umKuWhcY9cao12IW9Rr907d4Wdma\/3XB9e73QED2L5\/X6CP5YznZTjGPkkqKhkialjDGMB6M2KnWaHc71LcfRcQwGPapZjWu3b1G1AeNIiIMu0M6R53iBdy\/fF4BYojsnK3hSm61pIdE8IHGYbN4Rk\/G9Qlz+04bP\/YL9XhYiAjBR1q32sj0H5gjMIIqNG+1GLQH08WH8Vx8w+6Q5mETjRGZaxCj6M15EmMM3Xs9jm80GPfH2GRFR01tbWKZDD2Nwyado05R1Hlb1YZTjZ8g5ntB9meszqBB6Rx16d7r4UquGFzWIFLcUD8J+JFHffGWizVLqdVmjPrF\/xvBlgmmez\/pAAAAAElFTkSuQmCC","canChangeAppOrientation":false,"canReceiveFile":false,"pid":6716,"uid":10058,"action":"open"}}
04-14 09:22:50.136  6716  6716 D NemuJavaHotPatchHelper: onHandleBindApplication reportedPackageName:com.poi.fintrack isMatchJavaPatch:false
04-14 09:22:50.246  1035  1045 D nemuinit: start name: vapi, operation: {"uri":"/tools/inputdevice","method":"POST","params":{"action":"set_input_device_list","device":8,"packageName":"com.poi.fintrack","pid":6716,"uid":10058}}, id: 1073
04-14 09:22:50.248  1035  6734 D nemuinit: Proxy: use callback: 1419, handleNemuInitMessage, name: vapi, params: {"uri":"/tools/inputdevice","method":"POST","params":{"action":"set_input_device_list","device":8,"packageName":"com.poi.fintrack","pid":6716,"uid":10058}}, res: {"errcode":0,"message":"OK"}
04-14 09:22:50.248  1035  1045 D nemuinit: start name: vapi, operation: {"uri":"/tools/inputdevice","method":"POST","params":{"action":"set_input_device_list","device":8,"packageName":"com.poi.fintrack","pid":6716,"uid":10058}}, id: 1075
04-14 09:22:50.248  1035  1045 D nemuinit: start name: vapi, operation: {"uri":"/tools/inputdevice","method":"POST","params":{"action":"set_input_device_list","device":8,"packageName":"com.poi.fintrack","pid":6716,"uid":10058}}, id: 1076
04-14 09:22:50.248  1035  1045 D nemuinit: start name: vapi, operation: {"uri":"/tools/inputdevice","method":"POST","params":{"action":"set_input_device_list","device":8,"packageName":"com.poi.fintrack","pid":6716,"uid":10058}}, id: 1078
04-14 09:22:50.248  1035  1045 D nemuinit: start name: vapi, operation: {"uri":"/tools/inputdevice","method":"POST","params":{"action":"set_input_device_list","device":8,"packageName":"com.poi.fintrack","pid":6716,"uid":10058}}, id: 1080
04-14 09:22:50.254  1035  6737 D nemuinit: Proxy: use callback: 1419, handleNemuInitMessage, name: vapi, params: {"uri":"/tools/inputdevice","method":"POST","params":{"action":"set_input_device_list","device":8,"packageName":"com.poi.fintrack","pid":6716,"uid":10058}}, res: {"errcode":0,"message":"OK"}
04-14 09:22:50.254  1035  6739 D nemuinit: Proxy: use callback: 1419, handleNemuInitMessage, name: vapi, params: {"uri":"/tools/inputdevice","method":"POST","params":{"action":"set_input_device_list","device":8,"packageName":"com.poi.fintrack","pid":6716,"uid":10058}}, res: {"errcode":0,"message":"OK"}
04-14 09:22:50.255  1035  6741 D nemuinit: Proxy: use callback: 1419, handleNemuInitMessage, name: vapi, params: {"uri":"/tools/inputdevice","method":"POST","params":{"action":"set_input_device_list","device":8,"packageName":"com.poi.fintrack","pid":6716,"uid":10058}}, res: {"errcode":0,"message":"OK"}
04-14 09:22:50.257  1035  1045 D nemuinit: start name: vapi, operation: {"uri":"/tools/inputdevice","method":"POST","params":{"action":"set_input_device_list","device":8,"packageName":"com.poi.fintrack","pid":6716,"uid":10058}}, id: 1082
04-14 09:22:50.259  1035  6736 D nemuinit: Proxy: use callback: 1419, handleNemuInitMessage, name: vapi, params: {"uri":"/tools/inputdevice","method":"POST","params":{"action":"set_input_device_list","device":8,"packageName":"com.poi.fintrack","pid":6716,"uid":10058}}, res: {"errcode":0,"message":"OK"}
04-14 09:22:50.260  1035  6743 D nemuinit: Proxy: use callback: 1419, handleNemuInitMessage, name: vapi, params: {"uri":"/tools/inputdevice","method":"POST","params":{"action":"set_input_device_list","device":8,"packageName":"com.poi.fintrack","pid":6716,"uid":10058}}, res: {"errcode":0,"message":"OK"}
04-14 09:22:50.377  6716  6716 V GraphicsEnvironment: ANGLE Developer option for 'com.poi.fintrack' set to: 'default'
04-14 09:22:50.377  6716  6716 V GraphicsEnvironment: ANGLE GameManagerService for com.poi.fintrack: false
04-14 09:22:50.388  6716  6716 D AndroidRuntime: Shutting down VM
04-14 09:22:50.388  6716  6716 E AndroidRuntime: FATAL EXCEPTION: main
04-14 09:22:50.388  6716  6716 E AndroidRuntime: Process: com.poi.fintrack, PID: 6716
04-14 09:22:50.388  6716  6716 E AndroidRuntime: java.lang.RuntimeException: Unable to instantiate activity ComponentInfo{com.poi.fintrack/com.yourname.fintrack.MainActivity}: java.lang.ClassNotFoundException: Didn't find class "com.yourname.fintrack.MainActivity" on path: DexPathList[[zip file "/data/app/~~D9OyfPw0ur4Ug2jwT_pZmg==/com.poi.fintrack-mfIcaDUksRMo3mE7yChSOA==/base.apk"],nativeLibraryDirectories=[/data/app/~~D9OyfPw0ur4Ug2jwT_pZmg==/com.poi.fintrack-mfIcaDUksRMo3mE7yChSOA==/lib/x86_64, /data/app/~~D9OyfPw0ur4Ug2jwT_pZmg==/com.poi.fintrack-mfIcaDUksRMo3mE7yChSOA==/base.apk!/lib/x86_64, /system/lib64, /system/system_ext/lib64, /system/product/lib64, /system/vendor/lib64]]
04-14 09:22:50.388  6716  6716 E AndroidRuntime: 	at android.app.ActivityThread.performLaunchActivity(ActivityThread.java:3663)
04-14 09:22:50.388  6716  6716 E AndroidRuntime: 	at android.app.ActivityThread.handleLaunchActivity(ActivityThread.java:3933)
04-14 09:22:50.388  6716  6716 E AndroidRuntime: 	at android.app.servertransaction.LaunchActivityItem.execute(LaunchActivityItem.java:103)
04-14 09:22:50.388  6716  6716 E AndroidRuntime: 	at android.app.servertransaction.TransactionExecutor.executeCallbacks(TransactionExecutor.java:135)
04-14 09:22:50.388  6716  6716 E AndroidRuntime: 	at android.app.servertransaction.TransactionExecutor.execute(TransactionExecutor.java:95)
04-14 09:22:50.388  6716  6716 E AndroidRuntime: 	at android.app.ActivityThread$H.handleMessage(ActivityThread.java:2296)
04-14 09:22:50.388  6716  6716 E AndroidRuntime: 	at android.os.Handler.dispatchMessage(Handler.java:106)
04-14 09:22:50.388  6716  6716 E AndroidRuntime: 	at android.os.Looper.loopOnce(Looper.java:201)
04-14 09:22:50.388  6716  6716 E AndroidRuntime: 	at android.os.Looper.loop(Looper.java:288)
04-14 09:22:50.388  6716  6716 E AndroidRuntime: 	at android.app.ActivityThread.main(ActivityThread.java:8062)
04-14 09:22:50.388  6716  6716 E AndroidRuntime: 	at java.lang.reflect.Method.invoke(Native Method)
04-14 09:22:50.388  6716  6716 E AndroidRuntime: 	at com.android.internal.os.RuntimeInit$MethodAndArgsCaller.run(RuntimeInit.java:571)
04-14 09:22:50.388  6716  6716 E AndroidRuntime: 	at com.android.internal.os.ZygoteInit.main(ZygoteInit.java:1091)
04-14 09:22:50.388  6716  6716 E AndroidRuntime: Caused by: java.lang.ClassNotFoundException: Didn't find class "com.yourname.fintrack.MainActivity" on path: DexPathList[[zip file "/data/app/~~D9OyfPw0ur4Ug2jwT_pZmg==/com.poi.fintrack-mfIcaDUksRMo3mE7yChSOA==/base.apk"],nativeLibraryDirectories=[/data/app/~~D9OyfPw0ur4Ug2jwT_pZmg==/com.poi.fintrack-mfIcaDUksRMo3mE7yChSOA==/lib/x86_64, /data/app/~~D9OyfPw0ur4Ug2jwT_pZmg==/com.poi.fintrack-mfIcaDUksRMo3mE7yChSOA==/base.apk!/lib/x86_64, /system/lib64, /system/system_ext/lib64, /system/product/lib64, /system/vendor/lib64]]
04-14 09:22:50.388  6716  6716 E AndroidRuntime: 	at dalvik.system.BaseDexClassLoader.findClass(BaseDexClassLoader.java:218)
04-14 09:22:50.388  6716  6716 E AndroidRuntime: 	at java.lang.ClassLoader.loadClass(ClassLoader.java:379)
04-14 09:22:50.388  6716  6716 E AndroidRuntime: 	at java.lang.ClassLoader.loadClass(ClassLoader.java:312)
04-14 09:22:50.388  6716  6716 E AndroidRuntime: 	at android.app.AppComponentFactory.instantiateActivity(AppComponentFactory.java:95)
04-14 09:22:50.388  6716  6716 E AndroidRuntime: 	at androidx.core.app.CoreComponentFactory.instantiateActivity(CoreComponentFactory.java:44)
04-14 09:22:50.388  6716  6716 E AndroidRuntime: 	at android.app.Instrumentation.newActivity(Instrumentation.java:1289)
04-14 09:22:50.388  6716  6716 E AndroidRuntime: 	at android.app.ActivityThread.performLaunchActivity(ActivityThread.java:3650)
04-14 09:22:50.388  6716  6716 E AndroidRuntime: 	... 12 more
04-14 09:22:50.390  1270  3385 W ActivityTaskManager:   Force finishing activity com.poi.fintrack/com.yourname.fintrack.MainActivity
04-14 09:22:50.891  1270  1290 W ActivityTaskManager: Activity top resumed state loss timeout for ActivityRecord{b17e890 u0 com.poi.fintrack/com.yourname.fintrack.MainActivity t63 f}}
04-14 09:22:50.895  1270  1290 W ActivityTaskManager: Activity pause timeout for ActivityRecord{b17e890 u0 com.poi.fintrack/com.yourname.fintrack.MainActivity t63 f}}
04-14 09:22:50.906  1270  3385 W WindowManager:   Force finishing activity com.poi.fintrack/com.yourname.fintrack.MainActivity
04-14 09:22:50.910  1270  3385 I ActivityManager: Killing 6716:com.poi.fintrack/u0a58 (adj 200): crash
04-14 09:22:50.922  1270  1288 W InputManager-JNI: Input channel object '8de175a Application Error: com.poi.fintrack (client)' was disposed without first being removed with the input manager!
04-14 09:22:50.923  1270  3300 V ActivityManager: Got obituary of 6716:com.poi.fintrack
04-14 09:22:50.934  1270  1291 W InputManager-JNI: Input channel object 'c0555af Splash Screen com.poi.fintrack (client)' was disposed without first being removed with the input manager!
04-14 09:22:50.942  1419  1419 D Watchdog: ignore events AppExit: {"app_name":"fintrack","app_package":"com.poi.fintrack","event_duration":0,"failure_reason":"","status_code":0}
04-14 09:22:50.943  1419  1938 D Watchdog: upload event: {"architecture":"x86_64","channel":"gw-overseas12","country":"en-ID","engine":"NEMUX","fchannel":"gw-overseas12","language":"en","mpid":"0","package":"mumu","product":"MuMu5.0","product_version":"5.15.2.2805","usage":"1","uuid":"c6cdbde6-42d8-4f1e-ba1e-06a0d6d1984a","version":"5.15.2.2805","x":{"app_elapse":0,"app_name":"fintrack","app_package":"com.poi.fintrack","error":{"code":0,"msg":"ok"},"extra":{"amp_name":"fintrack","ampid":0,"is_remote_control":-1},"token":"055f1201-f05b-45df-b2d8-c25fffb7c19f"}}	type: ExitAPP	sign: WvOxEZvQvM7DHbx/AhlpmfYTr+c=	uid: 1000	json:{"app_elapse":0,"app_name":"fintrack","app_package":"com.poi.fintrack","error":{"code":0,"msg":"ok"},"extra":{"amp_name":"fintrack","ampid":0,"is_remote_control":-1},"token":"055f1201-f05b-45df-b2d8-c25fffb7c19f"}
04-14 09:22:50.949  1035  6763 D nemuinit: Proxy: use callback: 1419, handleNemuInitMessage, name: vapi, params: {"uri":"/apps","method":"GET","params":{}}, res: {"errcode":0,"message":"OK","return":{"active":"app.lawnchair","installed":[{"appName":"matchapro-mobile1","packageName":"com.matchapro.app","version":"1.0","versionCode":1},{"appName":"Si-SHK Mobile","packageName":"com.example.si_shk_app_bps1471","version":"1.0.0","versionCode":1},{"appName":"si_hkbps1471","packageName":"com.example.si_hkbps1471","version":"1.0.0","versionCode":1},{"appName":"fintrack","packageName":"com.poi.fintrack","version":"1.0.0","versionCode":1}],"recent":[]}}
04-14 09:23:15.238  1035  1045 D nemuinit: start name: clipboard, operation: adb shell pm clear com.poi.fintrack, id: 0
04-14 09:23:15.238  1035  6766 D nemuinit: Proxy: use callback: 1419, handleNemuInitMessage, name: clipboard, params: adb shell pm clear com.poi.fintrack, res: 
04-14 09:23:15.239  1035  6766 D nemuinit: Proxy: use callback: 1270, handleNemuInitMessage, name: clipboard, params: adb shell pm clear com.poi.fintrack, res: nemu init proxy clipboard handled
04-14 09:23:26.762  1270  3300 I ActivityManager: Force stopping com.poi.fintrack appid=10058 user=0: clear data
04-14 09:23:26.766  1270  1299 I ActivityManager: Force stopping com.poi.fintrack appid=10058 user=-1: clearApplicationUserData
04-14 09:23:26.812  2163  2476 I MediaProvider: Begin Intent { act=android.intent.action.PACKAGE_DATA_CLEARED dat=package:com.poi.fintrack flg=0x1000010 cmp=com.android.providers.media.module/com.android.providers.media.MediaService (has extras) }
04-14 09:23:26.815  2163  2476 D MediaProvider: Deleted 0 Android/media items belonging to com.poi.fintrack on /data/user/0/com.android.providers.media.module/databases/external.db
04-14 09:23:26.817  2163  2476 I MediaProvider: End Intent { act=android.intent.action.PACKAGE_DATA_CLEARED dat=package:com.poi.fintrack flg=0x1000010 cmp=com.android.providers.media.module/com.android.providers.media.MediaService (has extras) }
04-14 09:23:26.843  2253  6364 I Icing   : doRemovePackageData com.poi.fintrack
04-14 09:23:51.894  1270  5645 I ActivityManager: Force stopping com.poi.fintrack appid=10058 user=0: from pid 6812
04-14 09:23:53.914  1270  1326 I NativeHelper: com.poi.fintrack use max number of library use abi:x86_64 index:0
04-14 09:23:53.916  1270  1319 I NativeHelper: com.poi.fintrack use max number of library use abi:x86_64 index:0
04-14 09:23:53.921  1270  1319 I NativeHelper: com.poi.fintrack use max number of library use abi:x86_64 index:0
04-14 09:23:53.924  1270  1319 I NativeHelper: com.poi.fintrack use max number of library use abi:x86_64 index:0
04-14 09:23:53.927  1270  1299 I ActivityManager: Force stopping com.poi.fintrack appid=10058 user=-1: installPackageLI
04-14 09:23:53.931  1270  1319 I PackageManager: Update package com.poi.fintrack code path from /data/app/~~D9OyfPw0ur4Ug2jwT_pZmg==/com.poi.fintrack-mfIcaDUksRMo3mE7yChSOA== to /data/app/~~1OhLY9OZcLrroP69G3SPng==/com.poi.fintrack-EAvr0owlATcQ02GgErV3QQ==; Retain data and using new
04-14 09:23:53.961  1133  1133 D installd: Detected label change from u:object_r:app_data_file:s0 to u:object_r:app_data_file:s0:c58,c256,c512,c768 at /data/data/com.poi.fintrack/cache; running recursive restorecon
04-14 09:23:53.961  1133  1133 D installd: Detected label change from u:object_r:app_data_file:s0 to u:object_r:app_data_file:s0:c58,c256,c512,c768 at /data/data/com.poi.fintrack/code_cache; running recursive restorecon
04-14 09:23:53.961  1133  1133 D installd: Detected label change from u:object_r:app_data_file:s0 to u:object_r:app_data_file:s0:c58,c256,c512,c768 at /data/user_de/0/com.poi.fintrack/cache; running recursive restorecon
04-14 09:23:53.961  1133  1133 D installd: Detected label change from u:object_r:app_data_file:s0 to u:object_r:app_data_file:s0:c58,c256,c512,c768 at /data/user_de/0/com.poi.fintrack/code_cache; running recursive restorecon
04-14 09:23:53.967  1270  1319 I NativeHelper: com.poi.fintrack use max number of library use abi:x86_64 index:0
04-14 09:23:53.969  1270  1319 I NativeHelper: com.poi.fintrack use max number of library use abi:arm64-v8a index:0
04-14 09:23:53.971  1270  1319 I NativeHelper: com.poi.fintrack use max number of library use abi:armeabi-v7a index:0
04-14 09:23:53.978  1270  1319 I ActivityManager: Force stopping com.poi.fintrack appid=10058 user=0: pkg removed
04-14 09:23:53.997  2163  2163 I MediaProvider: Invalidating LocalCallingIdentity cache for package com.poi.fintrack. Reason: package android.intent.action.PACKAGE_REMOVED
04-14 09:23:53.999  2163  2163 I MediaProvider: Invalidating LocalCallingIdentity cache for package com.poi.fintrack. Reason: package android.intent.action.PACKAGE_ADDED
04-14 09:23:54.002  1270  1287 D CompanionDeviceManagerService: onPackageModified(packageName = com.poi.fintrack)
04-14 09:23:54.013  1270  1299 W BroadcastQueue: Background execution not allowed: receiving Intent { act=android.intent.action.PACKAGE_REMOVED dat=package:com.poi.fintrack flg=0x4000010 (has extras) } to com.android.gallery3d/.app.PackagesMonitor
04-14 09:23:54.024  1270  1299 W BroadcastQueue: Background execution not allowed: receiving Intent { act=android.intent.action.PACKAGE_REMOVED dat=package:com.poi.fintrack flg=0x4000010 (has extras) } to com.google.android.gms/.chimera.GmsIntentOperationService$PersistentTrustedReceiver
04-14 09:23:54.024  1270  1299 W BroadcastQueue: Background execution not allowed: receiving Intent { act=android.intent.action.PACKAGE_REMOVED dat=package:com.poi.fintrack flg=0x4000010 (has extras) } to com.google.android.gms/.games.chimera.GamesSystemBroadcastReceiverProxy
04-14 09:23:54.024  1270  1299 W BroadcastQueue: Background execution not allowed: receiving Intent { act=android.intent.action.PACKAGE_ADDED dat=package:com.poi.fintrack flg=0x4000010 (has extras) } to com.android.packageinstaller/.PackageInstalledReceiver
04-14 09:23:54.036  1270  1299 W BroadcastQueue: Background execution not allowed: receiving Intent { act=android.intent.action.PACKAGE_ADDED dat=package:com.poi.fintrack flg=0x4000010 (has extras) } to com.android.gallery3d/.app.PackagesMonitor
04-14 09:23:54.036  1270  1299 W BroadcastQueue: Background execution not allowed: receiving Intent { act=android.intent.action.PACKAGE_ADDED dat=package:com.poi.fintrack flg=0x4000010 (has extras) } to com.google.android.gms/.chimera.GmsIntentOperationService$PersistentTrustedReceiver
04-14 09:23:54.036  1270  1299 W BroadcastQueue: Background execution not allowed: receiving Intent { act=android.intent.action.PACKAGE_ADDED dat=package:com.poi.fintrack flg=0x4000010 (has extras) } to com.google.android.gms/.games.chimera.GamesSystemBroadcastReceiverProxy
04-14 09:23:54.036  1270  1299 W BroadcastQueue: Background execution not allowed: receiving Intent { act=android.intent.action.PACKAGE_ADDED dat=package:com.poi.fintrack flg=0x4000010 (has extras) } to com.google.android.gms/.gass.chimera.PackageChangeBroadcastReceiver
04-14 09:23:54.036  1270  1299 W BroadcastQueue: Background execution not allowed: receiving Intent { act=android.intent.action.PACKAGE_REPLACED dat=package:com.poi.fintrack flg=0x4000010 (has extras) } to com.google.android.gms/.chimera.GmsIntentOperationService$PersistentTrustedReceiver
04-14 09:23:54.036  1270  1299 W BroadcastQueue: Background execution not allowed: receiving Intent { act=android.intent.action.PACKAGE_REPLACED dat=package:com.poi.fintrack flg=0x4000010 (has extras) } to com.google.android.gms/.gass.chimera.PackageChangeBroadcastReceiver
04-14 09:23:54.036  1270  1299 W BroadcastQueue: Background execution not allowed: receiving Intent { act=android.intent.action.PACKAGE_REPLACED dat=package:com.poi.fintrack flg=0x4000010 (has extras) } to com.netease.nemu_vapi_android.nemu/com.netease.nemu_vapi_android.receiver.LaunchReceiver
04-14 09:23:54.049  1419  1882 D Watchdog: ignore events AppInstall: {"app_install_time":1776133434,"app_is_new_installation":false,"app_name":"fintrack","app_package":"com.poi.fintrack","event_duration":0,"failure_reason":"","status_code":0}
04-14 09:23:54.082  1419  1938 D Watchdog: upload event: {"architecture":"x86_64","channel":"gw-overseas12","country":"en-ID","engine":"NEMUX","fchannel":"gw-overseas12","language":"en","mpid":"0","package":"mumu","product":"MuMu5.0","product_version":"5.15.2.2805","usage":"1","uuid":"c6cdbde6-42d8-4f1e-ba1e-06a0d6d1984a","version":"5.15.2.2805","x":{"apk_path":"socket:[39422]","app_name":"fintrack","app_package":"com.poi.fintrack","app_version_code":1,"app_version_name":"1.0.0","error":{"code":0,"msg":"ok"},"extra":{"SupportArchitecture":"x86_64,armeabi-v7a,arm64-v8a","amp_name":"fintrack","ampid":0,"is_remote_control":-1},"has_installed":1,"token":"055f1201-f05b-45df-b2d8-c25fffb7c19f"}}	type: InstallAPP	sign: EpaCIrVyXOORiGxKfuyowisKcwU=	uid: 1000	json:{"apk_path":"socket:[39422]","app_name":"fintrack","app_package":"com.poi.fintrack","app_version_code":1,"app_version_name":"1.0.0","error":{"code":0,"msg":"ok"},"extra":{"SupportArchitecture":"x86_64,armeabi-v7a,arm64-v8a","amp_name":"fintrack","ampid":0,"is_remote_control":-1},"has_installed":1,"token":"055f1201-f05b-45df-b2d8-c25fffb7c19f"}
04-14 09:23:54.339  1270  1572 I ActivityTaskManager: START u0 {act=android.intent.action.MAIN cat=[android.intent.category.LAUNCHER] flg=0x30000000 cmp=com.poi.fintrack/com.yourname.fintrack.MainActivity (has extras)} from uid 2000, pid 6857
04-14 09:23:54.343  1270  1572 I ActivityTaskManager: [KeepAlive] disabled for com.poi.fintrack
04-14 09:23:54.351  2256  6834 I System.out: X-Param-architecture=x86_64||X-Param-channel=gw-overseas12||X-Param-country=en-ID||X-Param-cv=1207||X-Param-engine=NEMUX||X-Param-fchannel=gw-overseas12||X-Param-language=en||X-Param-nonce=1B578090||X-Param-package=mumu||X-Param-ts=1776133434||X-Param-usage=1||X-Param-uuid=c6cdbde6-42d8-4f1e-ba1e-06a0d6d1984a||X-Param-version=5.15.2.2805||pkg_data=[{"version_code":1,"pkg_name":"com.poi.fintrack"}]
04-14 09:23:54.390  2253  6859 W SQLiteLog: (28) double-quoted string literal: "com.poi.fintrack"
04-14 09:23:54.399  1270  1316 E VerityUtils: Failed to measure fs-verity, errno 1: /data/app/~~1OhLY9OZcLrroP69G3SPng==/com.poi.fintrack-EAvr0owlATcQ02GgErV3QQ==/base.apk
04-14 09:23:54.435  1270  1300 I ActivityManager: Start proc 6873:com.poi.fintrack/u0a58 for pre-top-activity {com.poi.fintrack/com.yourname.fintrack.MainActivity}
04-14 09:23:54.441  6873  6873 I Zygote  : fakeProductInfoIfNeed callded! com.poi.fintrack
04-14 09:23:54.442  6873  6873 I Zygote  : fake Product info com.poi.fintrack not matched any pattern
04-14 09:23:54.442  6873  6873 I Zygote  : fakeProductInfoFromProperties callded! com.poi.fintrack
04-14 09:23:54.591  6873  6873 V libnb   : enter native_bridge2_initialize /data/user/0/com.poi.fintrack/code_cache arm64
04-14 09:23:54.602  6873  6873 W HP      : x_initialize private_dir:/data/user/0/com.poi.fintrack/code_cache instruction_set:arm64 getMethodShorty:0x714abaf3c340 ret:1
04-14 09:23:54.666  1270  1290 D RecentTaskMonitor: VAddressShellNotifier#notifyOpenTab :{"uri":"player\/tab","need_response":false,"params":{"id":"task:64","displayId":0,"userId":0,"name":"fintrack","originName":"fintrack","packageName":"com.poi.fintrack","launcher":false,"newTask":true,"icon":"iVBORw0KGgoAAAANSUhEUgAAABgAAAAYCAYAAADgdz34AAAAAXNSR0IArs4c6QAAAARzQklUCAgICHwIZIgAAAOOSURBVEiJjZXLi1xFFMZ\/p6ru7e57Z7pHW2ZCRk1QxFXciKCC6EYU3fpAQqKoC0EQ\/CPcCa7cqWCWunMR\/Rtc+toJk2TymMRMv99VdVzcnk53T3eTD+7iVp0633cedUr2Lu6\/aG1yReAZ5qCqqCoigkstNrGINQgQgxImAT\/2aCxsxAhL5+\/GGD6Ss5fOHYjIufnN6CPGGfJ6RlbLUFViiAsOxArGGAatAb3jPmEcECuIyDzJkQOenC1ERVHyekalWkGMEHxgFTQoIQRKeYk0Sxm0h\/SOe6DMohHYdTKl1KggUN2tUspTNCp5muOsXXDsQ6A76i6kEiDbqZCWE1q3W0XajICIuJkhSm2vSlJOCjLg6pe\/UMtqCwTX7l\/n3W\/fZ+THixFFxaaW2tkajZvNIhIRzEnO80cy0ixdnY5pwQFCDOhKqwIudWzV85lIp6oYZ6hUK7PFZXz43cc0+0189Nxs3NrgvhBT3i4zaA+Jk1gQbNVzxMhM5TJ+\/PQHAAbjAS999cpGAgAEtuo57TsdnIhQrpbXqge4+sevjPyY7rAzW6uWq7z53Bv89PvPK8KA0lYJMV2cTS3IaZt5fP3bNxz3jgFIXcqZ6h5vP\/8WWKGW1Wj1W6c5ouJKDuMSi4ZNZXvAn9iE9154h\/9697l+fIO8lJG4ZOWZk64yYs1m+YAxhssvX+Lp3afI6hkXX\/\/ggeMN2ow1uE3Z+ezK5+xV97hw\/gIHkwN69NGpx9m5DQ5EwCzPmHlY48hLGX\/f\/oft7W2ySrZBzmlEH3HBh6JF57rotWdf5W7nHuUzFf6dHOCcXe9lTYrECH4ScH4UiljmLP8c\/MV4Mubx8RNYZ6f7a7BmS4zgRx6DwrA1WBiz1lmMWSr+umKuWhcY9cao12IW9Rr907d4Wdma\/3XB9e73QED2L5\/X6CP5YznZTjGPkkqKhkialjDGMB6M2KnWaHc71LcfRcQwGPapZjWu3b1G1AeNIiIMu0M6R53iBdy\/fF4BYojsnK3hSm61pIdE8IHGYbN4Rk\/G9Qlz+04bP\/YL9XhYiAjBR1q32sj0H5gjMIIqNG+1GLQH08WH8Vx8w+6Q5mETjRGZaxCj6M15EmMM3Xs9jm80GPfH2GRFR01tbWKZDD2Nwyado05R1Hlb1YZTjZ8g5ntB9meszqBB6Rx16d7r4UquGFzWIFLcUD8J+JFHffGWizVLqdVmjPrF\/xvBlgmmez\/pAAAAAElFTkSuQmCC","canChangeAppOrientation":false,"canReceiveFile":false,"pid":6873,"uid":10058,"action":"open"}}
04-14 09:23:54.694  6873  6873 D NemuJavaHotPatchHelper: onHandleBindApplication reportedPackageName:com.poi.fintrack isMatchJavaPatch:false
04-14 09:23:54.859  1270  1316 E VerityUtils: Failed to measure fs-verity, errno 1: /data/app/~~1OhLY9OZcLrroP69G3SPng==/com.poi.fintrack-EAvr0owlATcQ02GgErV3QQ==/base.apk
04-14 09:23:55.076  6873  6873 V GraphicsEnvironment: ANGLE Developer option for 'com.poi.fintrack' set to: 'default'
04-14 09:23:55.079  6873  6873 V GraphicsEnvironment: ANGLE GameManagerService for com.poi.fintrack: false
04-14 09:23:55.102  6873  6873 D AndroidRuntime: Shutting down VM
04-14 09:23:55.106  6873  6873 E AndroidRuntime: FATAL EXCEPTION: main
04-14 09:23:55.106  6873  6873 E AndroidRuntime: Process: com.poi.fintrack, PID: 6873
04-14 09:23:55.106  6873  6873 E AndroidRuntime: java.lang.RuntimeException: Unable to instantiate activity ComponentInfo{com.poi.fintrack/com.yourname.fintrack.MainActivity}: java.lang.ClassNotFoundException: Didn't find class "com.yourname.fintrack.MainActivity" on path: DexPathList[[zip file "/data/app/~~1OhLY9OZcLrroP69G3SPng==/com.poi.fintrack-EAvr0owlATcQ02GgErV3QQ==/base.apk"],nativeLibraryDirectories=[/data/app/~~1OhLY9OZcLrroP69G3SPng==/com.poi.fintrack-EAvr0owlATcQ02GgErV3QQ==/lib/x86_64, /data/app/~~1OhLY9OZcLrroP69G3SPng==/com.poi.fintrack-EAvr0owlATcQ02GgErV3QQ==/base.apk!/lib/x86_64, /system/lib64, /system/system_ext/lib64, /system/product/lib64, /system/vendor/lib64]]
04-14 09:23:55.106  6873  6873 E AndroidRuntime: 	at android.app.ActivityThread.performLaunchActivity(ActivityThread.java:3663)
04-14 09:23:55.106  6873  6873 E AndroidRuntime: 	at android.app.ActivityThread.handleLaunchActivity(ActivityThread.java:3933)
04-14 09:23:55.106  6873  6873 E AndroidRuntime: 	at android.app.servertransaction.LaunchActivityItem.execute(LaunchActivityItem.java:103)
04-14 09:23:55.106  6873  6873 E AndroidRuntime: 	at android.app.servertransaction.TransactionExecutor.executeCallbacks(TransactionExecutor.java:135)
04-14 09:23:55.106  6873  6873 E AndroidRuntime: 	at android.app.servertransaction.TransactionExecutor.execute(TransactionExecutor.java:95)
04-14 09:23:55.106  6873  6873 E AndroidRuntime: 	at android.app.ActivityThread$H.handleMessage(ActivityThread.java:2296)
04-14 09:23:55.106  6873  6873 E AndroidRuntime: 	at android.os.Handler.dispatchMessage(Handler.java:106)
04-14 09:23:55.106  6873  6873 E AndroidRuntime: 	at android.os.Looper.loopOnce(Looper.java:201)
04-14 09:23:55.106  6873  6873 E AndroidRuntime: 	at android.os.Looper.loop(Looper.java:288)
04-14 09:23:55.106  6873  6873 E AndroidRuntime: 	at android.app.ActivityThread.main(ActivityThread.java:8062)
04-14 09:23:55.106  6873  6873 E AndroidRuntime: 	at java.lang.reflect.Method.invoke(Native Method)
04-14 09:23:55.106  6873  6873 E AndroidRuntime: 	at com.android.internal.os.RuntimeInit$MethodAndArgsCaller.run(RuntimeInit.java:571)
04-14 09:23:55.106  6873  6873 E AndroidRuntime: 	at com.android.internal.os.ZygoteInit.main(ZygoteInit.java:1091)
04-14 09:23:55.106  6873  6873 E AndroidRuntime: Caused by: java.lang.ClassNotFoundException: Didn't find class "com.yourname.fintrack.MainActivity" on path: DexPathList[[zip file "/data/app/~~1OhLY9OZcLrroP69G3SPng==/com.poi.fintrack-EAvr0owlATcQ02GgErV3QQ==/base.apk"],nativeLibraryDirectories=[/data/app/~~1OhLY9OZcLrroP69G3SPng==/com.poi.fintrack-EAvr0owlATcQ02GgErV3QQ==/lib/x86_64, /data/app/~~1OhLY9OZcLrroP69G3SPng==/com.poi.fintrack-EAvr0owlATcQ02GgErV3QQ==/base.apk!/lib/x86_64, /system/lib64, /system/system_ext/lib64, /system/product/lib64, /system/vendor/lib64]]
04-14 09:23:55.106  6873  6873 E AndroidRuntime: 	at dalvik.system.BaseDexClassLoader.findClass(BaseDexClassLoader.java:218)
04-14 09:23:55.106  6873  6873 E AndroidRuntime: 	at java.lang.ClassLoader.loadClass(ClassLoader.java:379)
